

================================================================
== Vivado HLS Report for 'dense_latency_0_0_0_0_0_0_0_0_0'
================================================================
* Date:           Tue Oct 25 22:21:35 2022

* Version:        2019.1 (Build 2552052 on Fri May 24 15:28:33 MDT 2019)
* Project:        myproject_prj
* Solution:       solution1
* Product family: zynquplus
* Target device:  xczu3eg-sbva484-1-e


================================================================
== Performance Estimates
================================================================
+ Timing (ns): 
    * Summary: 
    +--------+-------+----------+------------+
    |  Clock | Target| Estimated| Uncertainty|
    +--------+-------+----------+------------+
    |ap_clk  |   5.00|     4.198|        0.62|
    +--------+-------+----------+------------+

+ Latency (clock cycles): 
    * Summary: 
    +-----+-----+-----+-----+----------+
    |  Latency  |  Interval | Pipeline |
    | min | max | min | max |   Type   |
    +-----+-----+-----+-----+----------+
    |    1|    1|    1|    1| function |
    +-----+-----+-----+-----+----------+

    + Detail: 
        * Instance: 
        N/A

        * Loop: 
        N/A

============================================================
+ Verbose Summary: Synthesis Manager
============================================================
InlineROM: 1
ExposeGlobal: 0
============================================================
+ Verbose Summary: CDFG Model
============================================================
IsTopModel: 0
ResetActiveHigh: 1
IsCombinational: 0
IsDatapathOnly: 0
HasWiredReturn: 1
HasMFsm: 2
HasVarLatency: 0
IsPipeline: 1
IsRtlPipelined: 1
IsInstanceOverlapped: 0
IsDontTouch: 0
HasImplIP: 0
IsGatedGlobalClock: 0

+ Individual pipeline summary: 
  * Pipeline-0: initiation interval (II) = 1, depth = 2


============================================================
+ Verbose Summary: Schedule
============================================================
* Number of FSM states : 2
* Pipeline : 1
  Pipeline-0 : II = 1, D = 2, States = { 1 2 }
* Dataflow Pipeline: 0

* FSM state transitions: 
1 --> 2 
2 --> 

* FSM state operations: 

State 1 <SV = 0> <Delay = 3.24>
ST_1 : Operation 3 [1/1] (0.00ns)   --->   "%data_3_V_read_19 = call i22 @_ssdm_op_Read.ap_auto.i22(i22 %data_3_V_read)" [firmware/nnet_utils/nnet_dense_latency.h:33]   --->   Operation 3 'read' 'data_3_V_read_19' <Predicate = true> <Delay = 0.00>
ST_1 : Operation 4 [1/1] (0.00ns)   --->   "%data_2_V_read_19 = call i22 @_ssdm_op_Read.ap_auto.i22(i22 %data_2_V_read)" [firmware/nnet_utils/nnet_dense_latency.h:33]   --->   Operation 4 'read' 'data_2_V_read_19' <Predicate = true> <Delay = 0.00>
ST_1 : Operation 5 [1/1] (0.00ns)   --->   "%data_1_V_read_19 = call i22 @_ssdm_op_Read.ap_auto.i22(i22 %data_1_V_read)" [firmware/nnet_utils/nnet_dense_latency.h:33]   --->   Operation 5 'read' 'data_1_V_read_19' <Predicate = true> <Delay = 0.00>
ST_1 : Operation 6 [1/1] (0.00ns)   --->   "%data_0_V_read_19 = call i22 @_ssdm_op_Read.ap_auto.i22(i22 %data_0_V_read)" [firmware/nnet_utils/nnet_dense_latency.h:33]   --->   Operation 6 'read' 'data_0_V_read_19' <Predicate = true> <Delay = 0.00>
ST_1 : Operation 7 [1/1] (0.00ns)   --->   "%zext_ln1118 = zext i22 %data_0_V_read_19 to i37" [firmware/nnet_utils/nnet_mult.h:77->firmware/nnet_utils/nnet_dense_latency.h:96]   --->   Operation 7 'zext' 'zext_ln1118' <Predicate = true> <Delay = 0.00>
ST_1 : Operation 8 [1/1] (0.00ns)   --->   "%zext_ln728 = zext i22 %data_0_V_read_19 to i32" [firmware/nnet_utils/nnet_mult.h:77->firmware/nnet_utils/nnet_dense_latency.h:96]   --->   Operation 8 'zext' 'zext_ln728' <Predicate = true> <Delay = 0.00>
ST_1 : Operation 9 [1/1] (0.00ns)   --->   "%zext_ln1118_218 = zext i22 %data_0_V_read_19 to i34" [firmware/nnet_utils/nnet_mult.h:77->firmware/nnet_utils/nnet_dense_latency.h:96]   --->   Operation 9 'zext' 'zext_ln1118_218' <Predicate = true> <Delay = 0.00>
ST_1 : Operation 10 [1/1] (0.00ns)   --->   "%zext_ln1118_219 = zext i22 %data_0_V_read_19 to i36" [firmware/nnet_utils/nnet_mult.h:77->firmware/nnet_utils/nnet_dense_latency.h:96]   --->   Operation 10 'zext' 'zext_ln1118_219' <Predicate = true> <Delay = 0.00>
ST_1 : Operation 11 [1/1] (3.24ns)   --->   "%mul_ln728 = mul i34 %zext_ln1118_218, 3955" [firmware/nnet_utils/nnet_mult.h:77->firmware/nnet_utils/nnet_dense_latency.h:96]   --->   Operation 11 'mul' 'mul_ln728' <Predicate = true> <Delay = 3.24> <Core = "Mul">   --->   Core 16 'Mul' <Latency = 0> <II = 1> <Delay = 3.24> <FuncUnit> <Opcode : 'mul'> <InPorts = 2> <OutPorts = 1>
ST_1 : Operation 12 [1/1] (3.24ns)   --->   "%mul_ln1118 = mul i36 %zext_ln1118_219, -4701" [firmware/nnet_utils/nnet_mult.h:77->firmware/nnet_utils/nnet_dense_latency.h:96]   --->   Operation 12 'mul' 'mul_ln1118' <Predicate = true> <Delay = 3.24> <Core = "Mul">   --->   Core 16 'Mul' <Latency = 0> <II = 1> <Delay = 3.24> <FuncUnit> <Opcode : 'mul'> <InPorts = 2> <OutPorts = 1>
ST_1 : Operation 13 [1/1] (3.24ns)   --->   "%mul_ln1118_160 = mul i34 %zext_ln1118_218, -1461" [firmware/nnet_utils/nnet_mult.h:77->firmware/nnet_utils/nnet_dense_latency.h:96]   --->   Operation 13 'mul' 'mul_ln1118_160' <Predicate = true> <Delay = 3.24> <Core = "Mul">   --->   Core 16 'Mul' <Latency = 0> <II = 1> <Delay = 3.24> <FuncUnit> <Opcode : 'mul'> <InPorts = 2> <OutPorts = 1>
ST_1 : Operation 14 [1/1] (3.24ns)   --->   "%mul_ln728_278 = mul i32 %zext_ln728, 639" [firmware/nnet_utils/nnet_mult.h:77->firmware/nnet_utils/nnet_dense_latency.h:96]   --->   Operation 14 'mul' 'mul_ln728_278' <Predicate = true> <Delay = 3.24> <Core = "Mul">   --->   Core 16 'Mul' <Latency = 0> <II = 1> <Delay = 3.24> <FuncUnit> <Opcode : 'mul'> <InPorts = 2> <OutPorts = 1>
ST_1 : Operation 15 [1/1] (0.00ns)   --->   "%zext_ln1118_220 = zext i22 %data_0_V_read_19 to i35" [firmware/nnet_utils/nnet_mult.h:77->firmware/nnet_utils/nnet_dense_latency.h:96]   --->   Operation 15 'zext' 'zext_ln1118_220' <Predicate = true> <Delay = 0.00>
ST_1 : Operation 16 [1/1] (0.00ns)   --->   "%zext_ln1118_221 = zext i22 %data_0_V_read_19 to i33" [firmware/nnet_utils/nnet_mult.h:77->firmware/nnet_utils/nnet_dense_latency.h:96]   --->   Operation 16 'zext' 'zext_ln1118_221' <Predicate = true> <Delay = 0.00>
ST_1 : Operation 17 [1/1] (3.24ns)   --->   "%mul_ln728_280 = mul i33 %zext_ln1118_221, 1706" [firmware/nnet_utils/nnet_mult.h:77->firmware/nnet_utils/nnet_dense_latency.h:96]   --->   Operation 17 'mul' 'mul_ln728_280' <Predicate = true> <Delay = 3.24> <Core = "Mul">   --->   Core 16 'Mul' <Latency = 0> <II = 1> <Delay = 3.24> <FuncUnit> <Opcode : 'mul'> <InPorts = 2> <OutPorts = 1>
ST_1 : Operation 18 [1/1] (3.24ns)   --->   "%mul_ln1118_161 = mul i37 %zext_ln1118, -11678" [firmware/nnet_utils/nnet_mult.h:77->firmware/nnet_utils/nnet_dense_latency.h:96]   --->   Operation 18 'mul' 'mul_ln1118_161' <Predicate = true> <Delay = 3.24> <Core = "Mul">   --->   Core 16 'Mul' <Latency = 0> <II = 1> <Delay = 3.24> <FuncUnit> <Opcode : 'mul'> <InPorts = 2> <OutPorts = 1>
ST_1 : Operation 19 [1/1] (3.24ns)   --->   "%mul_ln728_281 = mul i35 %zext_ln1118_220, 4672" [firmware/nnet_utils/nnet_mult.h:77->firmware/nnet_utils/nnet_dense_latency.h:96]   --->   Operation 19 'mul' 'mul_ln728_281' <Predicate = true> <Delay = 3.24> <Core = "Mul">   --->   Core 16 'Mul' <Latency = 0> <II = 1> <Delay = 3.24> <FuncUnit> <Opcode : 'mul'> <InPorts = 2> <OutPorts = 1>
ST_1 : Operation 20 [1/1] (0.00ns)   --->   "%zext_ln1118_222 = zext i22 %data_1_V_read_19 to i35" [firmware/nnet_utils/nnet_mult.h:77->firmware/nnet_utils/nnet_dense_latency.h:96]   --->   Operation 20 'zext' 'zext_ln1118_222' <Predicate = true> <Delay = 0.00>
ST_1 : Operation 21 [1/1] (0.00ns)   --->   "%zext_ln1118_223 = zext i22 %data_1_V_read_19 to i37" [firmware/nnet_utils/nnet_mult.h:77->firmware/nnet_utils/nnet_dense_latency.h:96]   --->   Operation 21 'zext' 'zext_ln1118_223' <Predicate = true> <Delay = 0.00>
ST_1 : Operation 22 [1/1] (0.00ns)   --->   "%zext_ln728_257 = zext i22 %data_1_V_read_19 to i31" [firmware/nnet_utils/nnet_mult.h:77->firmware/nnet_utils/nnet_dense_latency.h:96]   --->   Operation 22 'zext' 'zext_ln728_257' <Predicate = true> <Delay = 0.00>
ST_1 : Operation 23 [1/1] (3.24ns)   --->   "%mul_ln728_282 = mul i31 %zext_ln728_257, 440" [firmware/nnet_utils/nnet_mult.h:77->firmware/nnet_utils/nnet_dense_latency.h:96]   --->   Operation 23 'mul' 'mul_ln728_282' <Predicate = true> <Delay = 3.24> <Core = "Mul">   --->   Core 16 'Mul' <Latency = 0> <II = 1> <Delay = 3.24> <FuncUnit> <Opcode : 'mul'> <InPorts = 2> <OutPorts = 1>
ST_1 : Operation 24 [1/1] (0.00ns)   --->   "%zext_ln1118_224 = zext i22 %data_1_V_read_19 to i36" [firmware/nnet_utils/nnet_mult.h:77->firmware/nnet_utils/nnet_dense_latency.h:96]   --->   Operation 24 'zext' 'zext_ln1118_224' <Predicate = true> <Delay = 0.00>
ST_1 : Operation 25 [1/1] (3.24ns)   --->   "%mul_ln728_283 = mul i36 %zext_ln1118_224, 10632" [firmware/nnet_utils/nnet_mult.h:77->firmware/nnet_utils/nnet_dense_latency.h:96]   --->   Operation 25 'mul' 'mul_ln728_283' <Predicate = true> <Delay = 3.24> <Core = "Mul">   --->   Core 16 'Mul' <Latency = 0> <II = 1> <Delay = 3.24> <FuncUnit> <Opcode : 'mul'> <InPorts = 2> <OutPorts = 1>
ST_1 : Operation 26 [1/1] (3.24ns)   --->   "%mul_ln728_284 = mul i35 %zext_ln1118_222, 5020" [firmware/nnet_utils/nnet_mult.h:77->firmware/nnet_utils/nnet_dense_latency.h:96]   --->   Operation 26 'mul' 'mul_ln728_284' <Predicate = true> <Delay = 3.24> <Core = "Mul">   --->   Core 16 'Mul' <Latency = 0> <II = 1> <Delay = 3.24> <FuncUnit> <Opcode : 'mul'> <InPorts = 2> <OutPorts = 1>
ST_1 : Operation 27 [1/1] (3.24ns)   --->   "%mul_ln728_285 = mul i36 %zext_ln1118_224, 12795" [firmware/nnet_utils/nnet_mult.h:77->firmware/nnet_utils/nnet_dense_latency.h:96]   --->   Operation 27 'mul' 'mul_ln728_285' <Predicate = true> <Delay = 3.24> <Core = "Mul">   --->   Core 16 'Mul' <Latency = 0> <II = 1> <Delay = 3.24> <FuncUnit> <Opcode : 'mul'> <InPorts = 2> <OutPorts = 1>
ST_1 : Operation 28 [1/1] (3.24ns)   --->   "%mul_ln1118_162 = mul i35 %zext_ln1118_222, -2889" [firmware/nnet_utils/nnet_mult.h:77->firmware/nnet_utils/nnet_dense_latency.h:96]   --->   Operation 28 'mul' 'mul_ln1118_162' <Predicate = true> <Delay = 3.24> <Core = "Mul">   --->   Core 16 'Mul' <Latency = 0> <II = 1> <Delay = 3.24> <FuncUnit> <Opcode : 'mul'> <InPorts = 2> <OutPorts = 1>
ST_1 : Operation 29 [1/1] (3.24ns)   --->   "%mul_ln728_286 = mul i36 %zext_ln1118_224, 11044" [firmware/nnet_utils/nnet_mult.h:77->firmware/nnet_utils/nnet_dense_latency.h:96]   --->   Operation 29 'mul' 'mul_ln728_286' <Predicate = true> <Delay = 3.24> <Core = "Mul">   --->   Core 16 'Mul' <Latency = 0> <II = 1> <Delay = 3.24> <FuncUnit> <Opcode : 'mul'> <InPorts = 2> <OutPorts = 1>
ST_1 : Operation 30 [1/1] (3.24ns)   --->   "%mul_ln1118_163 = mul i37 %zext_ln1118_223, -10986" [firmware/nnet_utils/nnet_mult.h:77->firmware/nnet_utils/nnet_dense_latency.h:96]   --->   Operation 30 'mul' 'mul_ln1118_163' <Predicate = true> <Delay = 3.24> <Core = "Mul">   --->   Core 16 'Mul' <Latency = 0> <II = 1> <Delay = 3.24> <FuncUnit> <Opcode : 'mul'> <InPorts = 2> <OutPorts = 1>
ST_1 : Operation 31 [1/1] (0.00ns)   --->   "%zext_ln728_262 = zext i22 %data_2_V_read_19 to i33" [firmware/nnet_utils/nnet_mult.h:77->firmware/nnet_utils/nnet_dense_latency.h:96]   --->   Operation 31 'zext' 'zext_ln728_262' <Predicate = true> <Delay = 0.00>
ST_1 : Operation 32 [1/1] (3.24ns)   --->   "%mul_ln728_288 = mul i33 %zext_ln728_262, 1744" [firmware/nnet_utils/nnet_mult.h:77->firmware/nnet_utils/nnet_dense_latency.h:96]   --->   Operation 32 'mul' 'mul_ln728_288' <Predicate = true> <Delay = 3.24> <Core = "Mul">   --->   Core 16 'Mul' <Latency = 0> <II = 1> <Delay = 3.24> <FuncUnit> <Opcode : 'mul'> <InPorts = 2> <OutPorts = 1>
ST_1 : Operation 33 [1/1] (0.00ns)   --->   "%zext_ln1118_230 = zext i22 %data_3_V_read_19 to i35" [firmware/nnet_utils/nnet_mult.h:77->firmware/nnet_utils/nnet_dense_latency.h:96]   --->   Operation 33 'zext' 'zext_ln1118_230' <Predicate = true> <Delay = 0.00>
ST_1 : Operation 34 [1/1] (0.00ns)   --->   "%zext_ln1118_231 = zext i22 %data_3_V_read_19 to i32" [firmware/nnet_utils/nnet_mult.h:77->firmware/nnet_utils/nnet_dense_latency.h:96]   --->   Operation 34 'zext' 'zext_ln1118_231' <Predicate = true> <Delay = 0.00>
ST_1 : Operation 35 [1/1] (0.00ns)   --->   "%zext_ln1118_232 = zext i22 %data_3_V_read_19 to i36" [firmware/nnet_utils/nnet_mult.h:77->firmware/nnet_utils/nnet_dense_latency.h:96]   --->   Operation 35 'zext' 'zext_ln1118_232' <Predicate = true> <Delay = 0.00>
ST_1 : Operation 36 [1/1] (0.00ns)   --->   "%zext_ln1118_233 = zext i22 %data_3_V_read_19 to i37" [firmware/nnet_utils/nnet_mult.h:77->firmware/nnet_utils/nnet_dense_latency.h:96]   --->   Operation 36 'zext' 'zext_ln1118_233' <Predicate = true> <Delay = 0.00>
ST_1 : Operation 37 [1/1] (3.24ns)   --->   "%mul_ln1118_169 = mul i37 %zext_ln1118_233, -9737" [firmware/nnet_utils/nnet_mult.h:77->firmware/nnet_utils/nnet_dense_latency.h:96]   --->   Operation 37 'mul' 'mul_ln1118_169' <Predicate = true> <Delay = 3.24> <Core = "Mul">   --->   Core 16 'Mul' <Latency = 0> <II = 1> <Delay = 3.24> <FuncUnit> <Opcode : 'mul'> <InPorts = 2> <OutPorts = 1>
ST_1 : Operation 38 [1/1] (3.24ns)   --->   "%mul_ln1118_170 = mul i36 %zext_ln1118_232, -4240" [firmware/nnet_utils/nnet_mult.h:77->firmware/nnet_utils/nnet_dense_latency.h:96]   --->   Operation 38 'mul' 'mul_ln1118_170' <Predicate = true> <Delay = 3.24> <Core = "Mul">   --->   Core 16 'Mul' <Latency = 0> <II = 1> <Delay = 3.24> <FuncUnit> <Opcode : 'mul'> <InPorts = 2> <OutPorts = 1>
ST_1 : Operation 39 [1/1] (3.24ns)   --->   "%mul_ln728_290 = mul i36 %zext_ln1118_232, 11644" [firmware/nnet_utils/nnet_mult.h:77->firmware/nnet_utils/nnet_dense_latency.h:96]   --->   Operation 39 'mul' 'mul_ln728_290' <Predicate = true> <Delay = 3.24> <Core = "Mul">   --->   Core 16 'Mul' <Latency = 0> <II = 1> <Delay = 3.24> <FuncUnit> <Opcode : 'mul'> <InPorts = 2> <OutPorts = 1>
ST_1 : Operation 40 [1/1] (3.24ns)   --->   "%mul_ln1118_171 = mul i37 %zext_ln1118_233, -8308" [firmware/nnet_utils/nnet_mult.h:77->firmware/nnet_utils/nnet_dense_latency.h:96]   --->   Operation 40 'mul' 'mul_ln1118_171' <Predicate = true> <Delay = 3.24> <Core = "Mul">   --->   Core 16 'Mul' <Latency = 0> <II = 1> <Delay = 3.24> <FuncUnit> <Opcode : 'mul'> <InPorts = 2> <OutPorts = 1>
ST_1 : Operation 41 [1/1] (3.24ns)   --->   "%mul_ln1118_172 = mul i32 %zext_ln1118_231, -381" [firmware/nnet_utils/nnet_mult.h:77->firmware/nnet_utils/nnet_dense_latency.h:96]   --->   Operation 41 'mul' 'mul_ln1118_172' <Predicate = true> <Delay = 3.24> <Core = "Mul">   --->   Core 16 'Mul' <Latency = 0> <II = 1> <Delay = 3.24> <FuncUnit> <Opcode : 'mul'> <InPorts = 2> <OutPorts = 1>
ST_1 : Operation 42 [1/1] (3.24ns)   --->   "%mul_ln728_291 = mul i36 %zext_ln1118_232, 10326" [firmware/nnet_utils/nnet_mult.h:77->firmware/nnet_utils/nnet_dense_latency.h:96]   --->   Operation 42 'mul' 'mul_ln728_291' <Predicate = true> <Delay = 3.24> <Core = "Mul">   --->   Core 16 'Mul' <Latency = 0> <II = 1> <Delay = 3.24> <FuncUnit> <Opcode : 'mul'> <InPorts = 2> <OutPorts = 1>
ST_1 : Operation 43 [1/1] (3.24ns)   --->   "%mul_ln728_292 = mul i35 %zext_ln1118_230, 4740" [firmware/nnet_utils/nnet_mult.h:77->firmware/nnet_utils/nnet_dense_latency.h:96]   --->   Operation 43 'mul' 'mul_ln728_292' <Predicate = true> <Delay = 3.24> <Core = "Mul">   --->   Core 16 'Mul' <Latency = 0> <II = 1> <Delay = 3.24> <FuncUnit> <Opcode : 'mul'> <InPorts = 2> <OutPorts = 1>

State 2 <SV = 1> <Delay = 4.19>
ST_2 : Operation 44 [1/1] (0.00ns)   --->   "%tmp = call i32 (...)* @_ssdm_op_SpecRegionBegin([13 x i8]* @p_str40)" [firmware/nnet_utils/nnet_dense_latency.h:45]   --->   Operation 44 'specregionbegin' 'tmp' <Predicate = true> <Delay = 0.00>
ST_2 : Operation 45 [1/1] (0.00ns)   --->   "call void (...)* @_ssdm_op_SpecPipeline(i32 1, i32 1, i32 1, i32 0, [1 x i8]* @p_str15) nounwind" [firmware/nnet_utils/nnet_dense_latency.h:49]   --->   Operation 45 'specpipeline' <Predicate = true> <Delay = 0.00>
ST_2 : Operation 46 [1/1] (0.00ns)   --->   "call void (...)* @_ssdm_op_SpecResourceLimit(i32 32, [4 x i8]* @p_str25, [1 x i8]* @p_str15, [1 x i8]* @p_str15, [1 x i8]* @p_str15) nounwind" [firmware/nnet_utils/nnet_mult.h:81->firmware/nnet_utils/nnet_dense_latency.h:57]   --->   Operation 46 'specresourcelimit' <Predicate = true> <Delay = 0.00>
ST_2 : Operation 47 [1/1] (0.00ns)   --->   "%empty = call i32 (...)* @_ssdm_op_SpecRegionEnd([13 x i8]* @p_str40, i32 %tmp)" [firmware/nnet_utils/nnet_dense_latency.h:59]   --->   Operation 47 'specregionend' 'empty' <Predicate = true> <Delay = 0.00>
ST_2 : Operation 48 [1/1] (0.00ns)   --->   "%shl_ln = call i49 @_ssdm_op_BitConcatenate.i49.i34.i15(i34 %mul_ln728, i15 0)" [firmware/nnet_utils/nnet_mult.h:77->firmware/nnet_utils/nnet_dense_latency.h:96]   --->   Operation 48 'bitconcatenate' 'shl_ln' <Predicate = true> <Delay = 0.00>
ST_2 : Operation 49 [1/1] (0.00ns)   --->   "%zext_ln728_252 = zext i49 %shl_ln to i50" [firmware/nnet_utils/nnet_mult.h:77->firmware/nnet_utils/nnet_dense_latency.h:96]   --->   Operation 49 'zext' 'zext_ln728_252' <Predicate = true> <Delay = 0.00>
ST_2 : Operation 50 [1/1] (0.00ns)   --->   "%shl_ln728_s = call i51 @_ssdm_op_BitConcatenate.i51.i36.i15(i36 %mul_ln1118, i15 0)" [firmware/nnet_utils/nnet_mult.h:77->firmware/nnet_utils/nnet_dense_latency.h:96]   --->   Operation 50 'bitconcatenate' 'shl_ln728_s' <Predicate = true> <Delay = 0.00>
ST_2 : Operation 51 [1/1] (0.00ns)   --->   "%sext_ln728 = sext i51 %shl_ln728_s to i52" [firmware/nnet_utils/nnet_mult.h:77->firmware/nnet_utils/nnet_dense_latency.h:96]   --->   Operation 51 'sext' 'sext_ln728' <Predicate = true> <Delay = 0.00>
ST_2 : Operation 52 [1/1] (0.00ns)   --->   "%shl_ln728_281 = call i49 @_ssdm_op_BitConcatenate.i49.i34.i15(i34 %mul_ln1118_160, i15 0)" [firmware/nnet_utils/nnet_mult.h:77->firmware/nnet_utils/nnet_dense_latency.h:96]   --->   Operation 52 'bitconcatenate' 'shl_ln728_281' <Predicate = true> <Delay = 0.00>
ST_2 : Operation 53 [1/1] (0.00ns)   --->   "%sext_ln728_133 = sext i49 %shl_ln728_281 to i51" [firmware/nnet_utils/nnet_mult.h:77->firmware/nnet_utils/nnet_dense_latency.h:96]   --->   Operation 53 'sext' 'sext_ln728_133' <Predicate = true> <Delay = 0.00>
ST_2 : Operation 54 [1/1] (0.00ns)   --->   "%shl_ln728_282 = call i47 @_ssdm_op_BitConcatenate.i47.i32.i15(i32 %mul_ln728_278, i15 0)" [firmware/nnet_utils/nnet_mult.h:77->firmware/nnet_utils/nnet_dense_latency.h:96]   --->   Operation 54 'bitconcatenate' 'shl_ln728_282' <Predicate = true> <Delay = 0.00>
ST_2 : Operation 55 [1/1] (0.00ns)   --->   "%zext_ln728_253 = zext i47 %shl_ln728_282 to i51" [firmware/nnet_utils/nnet_mult.h:77->firmware/nnet_utils/nnet_dense_latency.h:96]   --->   Operation 55 'zext' 'zext_ln728_253' <Predicate = true> <Delay = 0.00>
ST_2 : Operation 56 [1/1] (3.24ns)   --->   "%mul_ln728_279 = mul i35 %zext_ln1118_220, 7968" [firmware/nnet_utils/nnet_mult.h:77->firmware/nnet_utils/nnet_dense_latency.h:96]   --->   Operation 56 'mul' 'mul_ln728_279' <Predicate = true> <Delay = 3.24> <Core = "Mul">   --->   Core 16 'Mul' <Latency = 0> <II = 1> <Delay = 3.24> <FuncUnit> <Opcode : 'mul'> <InPorts = 2> <OutPorts = 1>
ST_2 : Operation 57 [1/1] (0.00ns)   --->   "%shl_ln728_283 = call i50 @_ssdm_op_BitConcatenate.i50.i35.i15(i35 %mul_ln728_279, i15 0)" [firmware/nnet_utils/nnet_mult.h:77->firmware/nnet_utils/nnet_dense_latency.h:96]   --->   Operation 57 'bitconcatenate' 'shl_ln728_283' <Predicate = true> <Delay = 0.00>
ST_2 : Operation 58 [1/1] (0.00ns)   --->   "%zext_ln728_254 = zext i50 %shl_ln728_283 to i52" [firmware/nnet_utils/nnet_mult.h:77->firmware/nnet_utils/nnet_dense_latency.h:96]   --->   Operation 58 'zext' 'zext_ln728_254' <Predicate = true> <Delay = 0.00>
ST_2 : Operation 59 [1/1] (0.00ns)   --->   "%shl_ln728_284 = call i48 @_ssdm_op_BitConcatenate.i48.i33.i15(i33 %mul_ln728_280, i15 0)" [firmware/nnet_utils/nnet_mult.h:77->firmware/nnet_utils/nnet_dense_latency.h:96]   --->   Operation 59 'bitconcatenate' 'shl_ln728_284' <Predicate = true> <Delay = 0.00>
ST_2 : Operation 60 [1/1] (0.00ns)   --->   "%zext_ln728_255 = zext i48 %shl_ln728_284 to i50" [firmware/nnet_utils/nnet_mult.h:77->firmware/nnet_utils/nnet_dense_latency.h:96]   --->   Operation 60 'zext' 'zext_ln728_255' <Predicate = true> <Delay = 0.00>
ST_2 : Operation 61 [1/1] (0.00ns)   --->   "%shl_ln728_285 = call i52 @_ssdm_op_BitConcatenate.i52.i37.i15(i37 %mul_ln1118_161, i15 0)" [firmware/nnet_utils/nnet_mult.h:77->firmware/nnet_utils/nnet_dense_latency.h:96]   --->   Operation 61 'bitconcatenate' 'shl_ln728_285' <Predicate = true> <Delay = 0.00>
ST_2 : Operation 62 [1/1] (0.00ns)   --->   "%shl_ln728_286 = call i50 @_ssdm_op_BitConcatenate.i50.i35.i15(i35 %mul_ln728_281, i15 0)" [firmware/nnet_utils/nnet_mult.h:77->firmware/nnet_utils/nnet_dense_latency.h:96]   --->   Operation 62 'bitconcatenate' 'shl_ln728_286' <Predicate = true> <Delay = 0.00>
ST_2 : Operation 63 [1/1] (0.00ns)   --->   "%zext_ln728_256 = zext i50 %shl_ln728_286 to i52" [firmware/nnet_utils/nnet_mult.h:77->firmware/nnet_utils/nnet_dense_latency.h:96]   --->   Operation 63 'zext' 'zext_ln728_256' <Predicate = true> <Delay = 0.00>
ST_2 : Operation 64 [1/1] (0.00ns)   --->   "%shl_ln728_287 = call i46 @_ssdm_op_BitConcatenate.i46.i31.i15(i31 %mul_ln728_282, i15 0)" [firmware/nnet_utils/nnet_mult.h:77->firmware/nnet_utils/nnet_dense_latency.h:96]   --->   Operation 64 'bitconcatenate' 'shl_ln728_287' <Predicate = true> <Delay = 0.00>
ST_2 : Operation 65 [1/1] (0.00ns)   --->   "%zext_ln728_258 = zext i46 %shl_ln728_287 to i50" [firmware/nnet_utils/nnet_mult.h:77->firmware/nnet_utils/nnet_dense_latency.h:96]   --->   Operation 65 'zext' 'zext_ln728_258' <Predicate = true> <Delay = 0.00>
ST_2 : Operation 66 [1/1] (0.00ns)   --->   "%shl_ln728_288 = call i51 @_ssdm_op_BitConcatenate.i51.i36.i15(i36 %mul_ln728_283, i15 0)" [firmware/nnet_utils/nnet_mult.h:77->firmware/nnet_utils/nnet_dense_latency.h:96]   --->   Operation 66 'bitconcatenate' 'shl_ln728_288' <Predicate = true> <Delay = 0.00>
ST_2 : Operation 67 [1/1] (0.00ns)   --->   "%zext_ln728_259 = zext i51 %shl_ln728_288 to i52" [firmware/nnet_utils/nnet_mult.h:77->firmware/nnet_utils/nnet_dense_latency.h:96]   --->   Operation 67 'zext' 'zext_ln728_259' <Predicate = true> <Delay = 0.00>
ST_2 : Operation 68 [1/1] (0.00ns)   --->   "%shl_ln728_289 = call i50 @_ssdm_op_BitConcatenate.i50.i35.i15(i35 %mul_ln728_284, i15 0)" [firmware/nnet_utils/nnet_mult.h:77->firmware/nnet_utils/nnet_dense_latency.h:96]   --->   Operation 68 'bitconcatenate' 'shl_ln728_289' <Predicate = true> <Delay = 0.00>
ST_2 : Operation 69 [1/1] (0.00ns)   --->   "%zext_ln728_260 = zext i50 %shl_ln728_289 to i51" [firmware/nnet_utils/nnet_mult.h:77->firmware/nnet_utils/nnet_dense_latency.h:96]   --->   Operation 69 'zext' 'zext_ln728_260' <Predicate = true> <Delay = 0.00>
ST_2 : Operation 70 [1/1] (0.00ns)   --->   "%shl_ln728_290 = call i51 @_ssdm_op_BitConcatenate.i51.i36.i15(i36 %mul_ln728_285, i15 0)" [firmware/nnet_utils/nnet_mult.h:77->firmware/nnet_utils/nnet_dense_latency.h:96]   --->   Operation 70 'bitconcatenate' 'shl_ln728_290' <Predicate = true> <Delay = 0.00>
ST_2 : Operation 71 [1/1] (0.00ns)   --->   "%shl_ln6 = call i31 @_ssdm_op_BitConcatenate.i31.i22.i9(i22 %data_1_V_read_19, i9 0)" [firmware/nnet_utils/nnet_mult.h:77->firmware/nnet_utils/nnet_dense_latency.h:96]   --->   Operation 71 'bitconcatenate' 'shl_ln6' <Predicate = true> <Delay = 0.00>
ST_2 : Operation 72 [1/1] (0.00ns)   --->   "%zext_ln1118_225 = zext i31 %shl_ln6 to i32" [firmware/nnet_utils/nnet_mult.h:77->firmware/nnet_utils/nnet_dense_latency.h:96]   --->   Operation 72 'zext' 'zext_ln1118_225' <Predicate = true> <Delay = 0.00>
ST_2 : Operation 73 [1/1] (0.00ns)   --->   "%shl_ln1118_s = call i25 @_ssdm_op_BitConcatenate.i25.i22.i3(i22 %data_1_V_read_19, i3 0)" [firmware/nnet_utils/nnet_mult.h:77->firmware/nnet_utils/nnet_dense_latency.h:96]   --->   Operation 73 'bitconcatenate' 'shl_ln1118_s' <Predicate = true> <Delay = 0.00>
ST_2 : Operation 74 [1/1] (0.00ns)   --->   "%zext_ln1118_226 = zext i25 %shl_ln1118_s to i32" [firmware/nnet_utils/nnet_mult.h:77->firmware/nnet_utils/nnet_dense_latency.h:96]   --->   Operation 74 'zext' 'zext_ln1118_226' <Predicate = true> <Delay = 0.00>
ST_2 : Operation 75 [1/1] (1.19ns)   --->   "%sub_ln1118 = sub i32 %zext_ln1118_225, %zext_ln1118_226" [firmware/nnet_utils/nnet_mult.h:77->firmware/nnet_utils/nnet_dense_latency.h:96]   --->   Operation 75 'sub' 'sub_ln1118' <Predicate = true> <Delay = 1.19> <Core = "AddSub">   --->   Core 14 'AddSub' <Latency = 0> <II = 1> <Delay = 1.27> <FuncUnit> <Opcode : 'add' 'sub'> <InPorts = 2> <OutPorts = 1>
ST_2 : Operation 76 [1/1] (0.00ns)   --->   "%tmp_5 = call i47 @_ssdm_op_BitConcatenate.i47.i32.i15(i32 %sub_ln1118, i15 0)" [firmware/nnet_utils/nnet_mult.h:77->firmware/nnet_utils/nnet_dense_latency.h:96]   --->   Operation 76 'bitconcatenate' 'tmp_5' <Predicate = true> <Delay = 0.00>
ST_2 : Operation 77 [1/1] (0.00ns)   --->   "%sext_ln728_134 = sext i47 %tmp_5 to i52" [firmware/nnet_utils/nnet_mult.h:77->firmware/nnet_utils/nnet_dense_latency.h:96]   --->   Operation 77 'sext' 'sext_ln728_134' <Predicate = true> <Delay = 0.00>
ST_2 : Operation 78 [1/1] (0.00ns)   --->   "%shl_ln728_291 = call i50 @_ssdm_op_BitConcatenate.i50.i35.i15(i35 %mul_ln1118_162, i15 0)" [firmware/nnet_utils/nnet_mult.h:77->firmware/nnet_utils/nnet_dense_latency.h:96]   --->   Operation 78 'bitconcatenate' 'shl_ln728_291' <Predicate = true> <Delay = 0.00>
ST_2 : Operation 79 [1/1] (0.00ns)   --->   "%shl_ln728_292 = call i51 @_ssdm_op_BitConcatenate.i51.i36.i15(i36 %mul_ln728_286, i15 0)" [firmware/nnet_utils/nnet_mult.h:77->firmware/nnet_utils/nnet_dense_latency.h:96]   --->   Operation 79 'bitconcatenate' 'shl_ln728_292' <Predicate = true> <Delay = 0.00>
ST_2 : Operation 80 [1/1] (0.00ns)   --->   "%zext_ln728_261 = zext i51 %shl_ln728_292 to i52" [firmware/nnet_utils/nnet_mult.h:77->firmware/nnet_utils/nnet_dense_latency.h:96]   --->   Operation 80 'zext' 'zext_ln728_261' <Predicate = true> <Delay = 0.00>
ST_2 : Operation 81 [1/1] (0.00ns)   --->   "%shl_ln728_293 = call i52 @_ssdm_op_BitConcatenate.i52.i37.i15(i37 %mul_ln1118_163, i15 0)" [firmware/nnet_utils/nnet_mult.h:77->firmware/nnet_utils/nnet_dense_latency.h:96]   --->   Operation 81 'bitconcatenate' 'shl_ln728_293' <Predicate = true> <Delay = 0.00>
ST_2 : Operation 82 [1/1] (0.00ns)   --->   "%zext_ln1118_227 = zext i22 %data_2_V_read_19 to i37" [firmware/nnet_utils/nnet_mult.h:77->firmware/nnet_utils/nnet_dense_latency.h:96]   --->   Operation 82 'zext' 'zext_ln1118_227' <Predicate = true> <Delay = 0.00>
ST_2 : Operation 83 [1/1] (0.00ns)   --->   "%zext_ln1118_228 = zext i22 %data_2_V_read_19 to i36" [firmware/nnet_utils/nnet_mult.h:77->firmware/nnet_utils/nnet_dense_latency.h:96]   --->   Operation 83 'zext' 'zext_ln1118_228' <Predicate = true> <Delay = 0.00>
ST_2 : Operation 84 [1/1] (3.24ns)   --->   "%mul_ln1118_164 = mul i36 %zext_ln1118_228, -4886" [firmware/nnet_utils/nnet_mult.h:77->firmware/nnet_utils/nnet_dense_latency.h:96]   --->   Operation 84 'mul' 'mul_ln1118_164' <Predicate = true> <Delay = 3.24> <Core = "Mul">   --->   Core 16 'Mul' <Latency = 0> <II = 1> <Delay = 3.24> <FuncUnit> <Opcode : 'mul'> <InPorts = 2> <OutPorts = 1>
ST_2 : Operation 85 [1/1] (0.00ns)   --->   "%shl_ln728_294 = call i51 @_ssdm_op_BitConcatenate.i51.i36.i15(i36 %mul_ln1118_164, i15 0)" [firmware/nnet_utils/nnet_mult.h:77->firmware/nnet_utils/nnet_dense_latency.h:96]   --->   Operation 85 'bitconcatenate' 'shl_ln728_294' <Predicate = true> <Delay = 0.00>
ST_2 : Operation 86 [1/1] (0.00ns)   --->   "%sext_ln728_135 = sext i51 %shl_ln728_294 to i52" [firmware/nnet_utils/nnet_mult.h:77->firmware/nnet_utils/nnet_dense_latency.h:96]   --->   Operation 86 'sext' 'sext_ln728_135' <Predicate = true> <Delay = 0.00>
ST_2 : Operation 87 [1/1] (3.24ns)   --->   "%mul_ln1118_165 = mul i36 %zext_ln1118_228, -7258" [firmware/nnet_utils/nnet_mult.h:77->firmware/nnet_utils/nnet_dense_latency.h:96]   --->   Operation 87 'mul' 'mul_ln1118_165' <Predicate = true> <Delay = 3.24> <Core = "Mul">   --->   Core 16 'Mul' <Latency = 0> <II = 1> <Delay = 3.24> <FuncUnit> <Opcode : 'mul'> <InPorts = 2> <OutPorts = 1>
ST_2 : Operation 88 [1/1] (0.00ns)   --->   "%shl_ln728_295 = call i51 @_ssdm_op_BitConcatenate.i51.i36.i15(i36 %mul_ln1118_165, i15 0)" [firmware/nnet_utils/nnet_mult.h:77->firmware/nnet_utils/nnet_dense_latency.h:96]   --->   Operation 88 'bitconcatenate' 'shl_ln728_295' <Predicate = true> <Delay = 0.00>
ST_2 : Operation 89 [1/1] (0.00ns)   --->   "%sext_ln728_136 = sext i51 %shl_ln728_295 to i52" [firmware/nnet_utils/nnet_mult.h:77->firmware/nnet_utils/nnet_dense_latency.h:96]   --->   Operation 89 'sext' 'sext_ln728_136' <Predicate = true> <Delay = 0.00>
ST_2 : Operation 90 [1/1] (3.24ns)   --->   "%mul_ln728_287 = mul i36 %zext_ln1118_228, 10659" [firmware/nnet_utils/nnet_mult.h:77->firmware/nnet_utils/nnet_dense_latency.h:96]   --->   Operation 90 'mul' 'mul_ln728_287' <Predicate = true> <Delay = 3.24> <Core = "Mul">   --->   Core 16 'Mul' <Latency = 0> <II = 1> <Delay = 3.24> <FuncUnit> <Opcode : 'mul'> <InPorts = 2> <OutPorts = 1>
ST_2 : Operation 91 [1/1] (0.00ns)   --->   "%shl_ln728_296 = call i51 @_ssdm_op_BitConcatenate.i51.i36.i15(i36 %mul_ln728_287, i15 0)" [firmware/nnet_utils/nnet_mult.h:77->firmware/nnet_utils/nnet_dense_latency.h:96]   --->   Operation 91 'bitconcatenate' 'shl_ln728_296' <Predicate = true> <Delay = 0.00>
ST_2 : Operation 92 [1/1] (0.00ns)   --->   "%zext_ln728_263 = zext i51 %shl_ln728_296 to i52" [firmware/nnet_utils/nnet_mult.h:77->firmware/nnet_utils/nnet_dense_latency.h:96]   --->   Operation 92 'zext' 'zext_ln728_263' <Predicate = true> <Delay = 0.00>
ST_2 : Operation 93 [1/1] (3.24ns)   --->   "%mul_ln1118_166 = mul i37 %zext_ln1118_227, -11748" [firmware/nnet_utils/nnet_mult.h:77->firmware/nnet_utils/nnet_dense_latency.h:96]   --->   Operation 93 'mul' 'mul_ln1118_166' <Predicate = true> <Delay = 3.24> <Core = "Mul">   --->   Core 16 'Mul' <Latency = 0> <II = 1> <Delay = 3.24> <FuncUnit> <Opcode : 'mul'> <InPorts = 2> <OutPorts = 1>
ST_2 : Operation 94 [1/1] (0.00ns)   --->   "%shl_ln728_297 = call i52 @_ssdm_op_BitConcatenate.i52.i37.i15(i37 %mul_ln1118_166, i15 0)" [firmware/nnet_utils/nnet_mult.h:77->firmware/nnet_utils/nnet_dense_latency.h:96]   --->   Operation 94 'bitconcatenate' 'shl_ln728_297' <Predicate = true> <Delay = 0.00>
ST_2 : Operation 95 [1/1] (0.00ns)   --->   "%shl_ln728_298 = call i48 @_ssdm_op_BitConcatenate.i48.i33.i15(i33 %mul_ln728_288, i15 0)" [firmware/nnet_utils/nnet_mult.h:77->firmware/nnet_utils/nnet_dense_latency.h:96]   --->   Operation 95 'bitconcatenate' 'shl_ln728_298' <Predicate = true> <Delay = 0.00>
ST_2 : Operation 96 [1/1] (0.00ns)   --->   "%zext_ln1118_229 = zext i48 %shl_ln728_298 to i49" [firmware/nnet_utils/nnet_mult.h:77->firmware/nnet_utils/nnet_dense_latency.h:96]   --->   Operation 96 'zext' 'zext_ln1118_229' <Predicate = true> <Delay = 0.00>
ST_2 : Operation 97 [1/1] (3.24ns)   --->   "%mul_ln1118_167 = mul i36 %zext_ln1118_228, -6037" [firmware/nnet_utils/nnet_mult.h:77->firmware/nnet_utils/nnet_dense_latency.h:96]   --->   Operation 97 'mul' 'mul_ln1118_167' <Predicate = true> <Delay = 3.24> <Core = "Mul">   --->   Core 16 'Mul' <Latency = 0> <II = 1> <Delay = 3.24> <FuncUnit> <Opcode : 'mul'> <InPorts = 2> <OutPorts = 1>
ST_2 : Operation 98 [1/1] (0.00ns)   --->   "%shl_ln728_299 = call i51 @_ssdm_op_BitConcatenate.i51.i36.i15(i36 %mul_ln1118_167, i15 0)" [firmware/nnet_utils/nnet_mult.h:77->firmware/nnet_utils/nnet_dense_latency.h:96]   --->   Operation 98 'bitconcatenate' 'shl_ln728_299' <Predicate = true> <Delay = 0.00>
ST_2 : Operation 99 [1/1] (0.00ns)   --->   "%sext_ln728_137 = sext i51 %shl_ln728_299 to i52" [firmware/nnet_utils/nnet_mult.h:77->firmware/nnet_utils/nnet_dense_latency.h:96]   --->   Operation 99 'sext' 'sext_ln728_137' <Predicate = true> <Delay = 0.00>
ST_2 : Operation 100 [1/1] (3.24ns)   --->   "%mul_ln1118_168 = mul i36 %zext_ln1118_228, -5240" [firmware/nnet_utils/nnet_mult.h:77->firmware/nnet_utils/nnet_dense_latency.h:96]   --->   Operation 100 'mul' 'mul_ln1118_168' <Predicate = true> <Delay = 3.24> <Core = "Mul">   --->   Core 16 'Mul' <Latency = 0> <II = 1> <Delay = 3.24> <FuncUnit> <Opcode : 'mul'> <InPorts = 2> <OutPorts = 1>
ST_2 : Operation 101 [1/1] (0.00ns)   --->   "%shl_ln728_300 = call i51 @_ssdm_op_BitConcatenate.i51.i36.i15(i36 %mul_ln1118_168, i15 0)" [firmware/nnet_utils/nnet_mult.h:77->firmware/nnet_utils/nnet_dense_latency.h:96]   --->   Operation 101 'bitconcatenate' 'shl_ln728_300' <Predicate = true> <Delay = 0.00>
ST_2 : Operation 102 [1/1] (0.00ns)   --->   "%sext_ln728_138 = sext i51 %shl_ln728_300 to i52" [firmware/nnet_utils/nnet_mult.h:77->firmware/nnet_utils/nnet_dense_latency.h:96]   --->   Operation 102 'sext' 'sext_ln728_138' <Predicate = true> <Delay = 0.00>
ST_2 : Operation 103 [1/1] (3.24ns)   --->   "%mul_ln728_289 = mul i36 %zext_ln1118_228, 14682" [firmware/nnet_utils/nnet_mult.h:77->firmware/nnet_utils/nnet_dense_latency.h:96]   --->   Operation 103 'mul' 'mul_ln728_289' <Predicate = true> <Delay = 3.24> <Core = "Mul">   --->   Core 16 'Mul' <Latency = 0> <II = 1> <Delay = 3.24> <FuncUnit> <Opcode : 'mul'> <InPorts = 2> <OutPorts = 1>
ST_2 : Operation 104 [1/1] (0.00ns)   --->   "%shl_ln728_301 = call i51 @_ssdm_op_BitConcatenate.i51.i36.i15(i36 %mul_ln728_289, i15 0)" [firmware/nnet_utils/nnet_mult.h:77->firmware/nnet_utils/nnet_dense_latency.h:96]   --->   Operation 104 'bitconcatenate' 'shl_ln728_301' <Predicate = true> <Delay = 0.00>
ST_2 : Operation 105 [1/1] (0.00ns)   --->   "%zext_ln728_264 = zext i51 %shl_ln728_301 to i52" [firmware/nnet_utils/nnet_mult.h:77->firmware/nnet_utils/nnet_dense_latency.h:96]   --->   Operation 105 'zext' 'zext_ln728_264' <Predicate = true> <Delay = 0.00>
ST_2 : Operation 106 [1/1] (0.00ns)   --->   "%shl_ln728_302 = call i52 @_ssdm_op_BitConcatenate.i52.i37.i15(i37 %mul_ln1118_169, i15 0)" [firmware/nnet_utils/nnet_mult.h:77->firmware/nnet_utils/nnet_dense_latency.h:96]   --->   Operation 106 'bitconcatenate' 'shl_ln728_302' <Predicate = true> <Delay = 0.00>
ST_2 : Operation 107 [1/1] (0.00ns)   --->   "%shl_ln728_303 = call i51 @_ssdm_op_BitConcatenate.i51.i36.i15(i36 %mul_ln1118_170, i15 0)" [firmware/nnet_utils/nnet_mult.h:77->firmware/nnet_utils/nnet_dense_latency.h:96]   --->   Operation 107 'bitconcatenate' 'shl_ln728_303' <Predicate = true> <Delay = 0.00>
ST_2 : Operation 108 [1/1] (0.00ns)   --->   "%shl_ln728_304 = call i51 @_ssdm_op_BitConcatenate.i51.i36.i15(i36 %mul_ln728_290, i15 0)" [firmware/nnet_utils/nnet_mult.h:77->firmware/nnet_utils/nnet_dense_latency.h:96]   --->   Operation 108 'bitconcatenate' 'shl_ln728_304' <Predicate = true> <Delay = 0.00>
ST_2 : Operation 109 [1/1] (0.00ns)   --->   "%zext_ln728_265 = zext i51 %shl_ln728_304 to i52" [firmware/nnet_utils/nnet_mult.h:77->firmware/nnet_utils/nnet_dense_latency.h:96]   --->   Operation 109 'zext' 'zext_ln728_265' <Predicate = true> <Delay = 0.00>
ST_2 : Operation 110 [1/1] (0.00ns)   --->   "%shl_ln728_305 = call i52 @_ssdm_op_BitConcatenate.i52.i37.i15(i37 %mul_ln1118_171, i15 0)" [firmware/nnet_utils/nnet_mult.h:77->firmware/nnet_utils/nnet_dense_latency.h:96]   --->   Operation 110 'bitconcatenate' 'shl_ln728_305' <Predicate = true> <Delay = 0.00>
ST_2 : Operation 111 [1/1] (0.00ns)   --->   "%shl_ln728_306 = call i47 @_ssdm_op_BitConcatenate.i47.i32.i15(i32 %mul_ln1118_172, i15 0)" [firmware/nnet_utils/nnet_mult.h:77->firmware/nnet_utils/nnet_dense_latency.h:96]   --->   Operation 111 'bitconcatenate' 'shl_ln728_306' <Predicate = true> <Delay = 0.00>
ST_2 : Operation 112 [1/1] (0.00ns)   --->   "%sext_ln1118 = sext i47 %shl_ln728_306 to i48" [firmware/nnet_utils/nnet_mult.h:77->firmware/nnet_utils/nnet_dense_latency.h:96]   --->   Operation 112 'sext' 'sext_ln1118' <Predicate = true> <Delay = 0.00>
ST_2 : Operation 113 [1/1] (3.24ns)   --->   "%mul_ln1118_173 = mul i35 %zext_ln1118_230, -2562" [firmware/nnet_utils/nnet_mult.h:77->firmware/nnet_utils/nnet_dense_latency.h:96]   --->   Operation 113 'mul' 'mul_ln1118_173' <Predicate = true> <Delay = 3.24> <Core = "Mul">   --->   Core 16 'Mul' <Latency = 0> <II = 1> <Delay = 3.24> <FuncUnit> <Opcode : 'mul'> <InPorts = 2> <OutPorts = 1>
ST_2 : Operation 114 [1/1] (0.00ns)   --->   "%shl_ln728_307 = call i50 @_ssdm_op_BitConcatenate.i50.i35.i15(i35 %mul_ln1118_173, i15 0)" [firmware/nnet_utils/nnet_mult.h:77->firmware/nnet_utils/nnet_dense_latency.h:96]   --->   Operation 114 'bitconcatenate' 'shl_ln728_307' <Predicate = true> <Delay = 0.00>
ST_2 : Operation 115 [1/1] (0.00ns)   --->   "%sext_ln728_139 = sext i50 %shl_ln728_307 to i52" [firmware/nnet_utils/nnet_mult.h:77->firmware/nnet_utils/nnet_dense_latency.h:96]   --->   Operation 115 'sext' 'sext_ln728_139' <Predicate = true> <Delay = 0.00>
ST_2 : Operation 116 [1/1] (0.00ns)   --->   "%shl_ln728_308 = call i51 @_ssdm_op_BitConcatenate.i51.i36.i15(i36 %mul_ln728_291, i15 0)" [firmware/nnet_utils/nnet_mult.h:77->firmware/nnet_utils/nnet_dense_latency.h:96]   --->   Operation 116 'bitconcatenate' 'shl_ln728_308' <Predicate = true> <Delay = 0.00>
ST_2 : Operation 117 [1/1] (0.00ns)   --->   "%shl_ln728_309 = call i50 @_ssdm_op_BitConcatenate.i50.i35.i15(i35 %mul_ln728_292, i15 0)" [firmware/nnet_utils/nnet_mult.h:77->firmware/nnet_utils/nnet_dense_latency.h:96]   --->   Operation 117 'bitconcatenate' 'shl_ln728_309' <Predicate = true> <Delay = 0.00>
ST_2 : Operation 118 [1/1] (0.00ns)   --->   "%zext_ln703 = zext i50 %shl_ln728_309 to i51" [firmware/nnet_utils/nnet_dense_latency.h:115]   --->   Operation 118 'zext' 'zext_ln703' <Predicate = true> <Delay = 0.00>
ST_2 : Operation 119 [1/1] (1.27ns)   --->   "%add_ln703 = add i50 %zext_ln728_258, %zext_ln728_252" [firmware/nnet_utils/nnet_dense_latency.h:115]   --->   Operation 119 'add' 'add_ln703' <Predicate = true> <Delay = 1.27> <Core = "AddSub">   --->   Core 14 'AddSub' <Latency = 0> <II = 1> <Delay = 1.27> <FuncUnit> <Opcode : 'add' 'sub'> <InPorts = 2> <OutPorts = 1>
ST_2 : Operation 120 [1/1] (0.00ns)   --->   "%zext_ln703_16 = zext i50 %add_ln703 to i52" [firmware/nnet_utils/nnet_dense_latency.h:115]   --->   Operation 120 'zext' 'zext_ln703_16' <Predicate = true> <Delay = 0.00>
ST_2 : Operation 121 [1/1] (1.30ns)   --->   "%add_ln703_413 = add i52 %shl_ln728_302, -22093311770624" [firmware/nnet_utils/nnet_dense_latency.h:115]   --->   Operation 121 'add' 'add_ln703_413' <Predicate = true> <Delay = 1.30> <Core = "AddSub">   --->   Core 14 'AddSub' <Latency = 0> <II = 1> <Delay = 1.27> <FuncUnit> <Opcode : 'add' 'sub'> <InPorts = 2> <OutPorts = 1>
ST_2 : Operation 122 [1/1] (0.00ns) (grouped into TernaryAdder)   --->   "%add_ln703_414 = add i52 %sext_ln728_135, %add_ln703_413" [firmware/nnet_utils/nnet_dense_latency.h:115]   --->   Operation 122 'add' 'add_ln703_414' <Predicate = true> <Delay = 0.00> <Core = "TAddSub">   --->   Core 83 'TAddSub' <Latency = 0> <II = 1> <Delay = 0.47> <IPBlock> <Opcode : 'add' 'sub'> <InPorts = 3> <OutPorts = 1> <Sync> <CReg>
ST_2 : Operation 123 [1/1] (0.95ns) (root node of TernaryAdder)   --->   "%p_Val2_s = add i52 %zext_ln703_16, %add_ln703_414" [firmware/nnet_utils/nnet_dense_latency.h:115]   --->   Operation 123 'add' 'p_Val2_s' <Predicate = true> <Delay = 0.95> <Core = "TAddSub">   --->   Core 83 'TAddSub' <Latency = 0> <II = 1> <Delay = 0.47> <IPBlock> <Opcode : 'add' 'sub'> <InPorts = 3> <OutPorts = 1> <Sync> <CReg>
ST_2 : Operation 124 [1/1] (1.29ns)   --->   "%add_ln703_416 = add i52 %zext_ln728_259, %sext_ln728" [firmware/nnet_utils/nnet_dense_latency.h:115]   --->   Operation 124 'add' 'add_ln703_416' <Predicate = true> <Delay = 1.29> <Core = "AddSub">   --->   Core 14 'AddSub' <Latency = 0> <II = 1> <Delay = 1.27> <FuncUnit> <Opcode : 'add' 'sub'> <InPorts = 2> <OutPorts = 1>
ST_2 : Operation 125 [1/1] (1.29ns)   --->   "%add_ln703_417 = add i51 %shl_ln728_303, -18760417148928" [firmware/nnet_utils/nnet_dense_latency.h:115]   --->   Operation 125 'add' 'add_ln703_417' <Predicate = true> <Delay = 1.29> <Core = "AddSub">   --->   Core 14 'AddSub' <Latency = 0> <II = 1> <Delay = 1.27> <FuncUnit> <Opcode : 'add' 'sub'> <InPorts = 2> <OutPorts = 1>
ST_2 : Operation 126 [1/1] (0.00ns)   --->   "%sext_ln703 = sext i51 %add_ln703_417 to i52" [firmware/nnet_utils/nnet_dense_latency.h:115]   --->   Operation 126 'sext' 'sext_ln703' <Predicate = true> <Delay = 0.00>
ST_2 : Operation 127 [1/1] (0.00ns) (grouped into TernaryAdder)   --->   "%add_ln703_418 = add i52 %sext_ln728_136, %sext_ln703" [firmware/nnet_utils/nnet_dense_latency.h:115]   --->   Operation 127 'add' 'add_ln703_418' <Predicate = true> <Delay = 0.00> <Core = "TAddSub">   --->   Core 83 'TAddSub' <Latency = 0> <II = 1> <Delay = 0.47> <IPBlock> <Opcode : 'add' 'sub'> <InPorts = 3> <OutPorts = 1> <Sync> <CReg>
ST_2 : Operation 128 [1/1] (0.95ns) (root node of TernaryAdder)   --->   "%acc_1_V = add i52 %add_ln703_416, %add_ln703_418" [firmware/nnet_utils/nnet_dense_latency.h:115]   --->   Operation 128 'add' 'acc_1_V' <Predicate = true> <Delay = 0.95> <Core = "TAddSub">   --->   Core 83 'TAddSub' <Latency = 0> <II = 1> <Delay = 0.47> <IPBlock> <Opcode : 'add' 'sub'> <InPorts = 3> <OutPorts = 1> <Sync> <CReg>
ST_2 : Operation 129 [1/1] (1.27ns)   --->   "%add_ln703_420 = add i51 %zext_ln728_260, %sext_ln728_133" [firmware/nnet_utils/nnet_dense_latency.h:115]   --->   Operation 129 'add' 'add_ln703_420' <Predicate = true> <Delay = 1.27> <Core = "AddSub">   --->   Core 14 'AddSub' <Latency = 0> <II = 1> <Delay = 1.27> <FuncUnit> <Opcode : 'add' 'sub'> <InPorts = 2> <OutPorts = 1>
ST_2 : Operation 130 [1/1] (0.00ns)   --->   "%sext_ln703_19 = sext i51 %add_ln703_420 to i52" [firmware/nnet_utils/nnet_dense_latency.h:115]   --->   Operation 130 'sext' 'sext_ln703_19' <Predicate = true> <Delay = 0.00>
ST_2 : Operation 131 [1/1] (1.29ns)   --->   "%add_ln703_421 = add i52 %zext_ln728_265, -18227841204224" [firmware/nnet_utils/nnet_dense_latency.h:115]   --->   Operation 131 'add' 'add_ln703_421' <Predicate = true> <Delay = 1.29> <Core = "AddSub">   --->   Core 14 'AddSub' <Latency = 0> <II = 1> <Delay = 1.27> <FuncUnit> <Opcode : 'add' 'sub'> <InPorts = 2> <OutPorts = 1>
ST_2 : Operation 132 [1/1] (0.00ns) (grouped into TernaryAdder)   --->   "%add_ln703_422 = add i52 %zext_ln728_263, %add_ln703_421" [firmware/nnet_utils/nnet_dense_latency.h:115]   --->   Operation 132 'add' 'add_ln703_422' <Predicate = true> <Delay = 0.00> <Core = "TAddSub">   --->   Core 83 'TAddSub' <Latency = 0> <II = 1> <Delay = 0.47> <IPBlock> <Opcode : 'add' 'sub'> <InPorts = 3> <OutPorts = 1> <Sync> <CReg>
ST_2 : Operation 133 [1/1] (0.95ns) (root node of TernaryAdder)   --->   "%acc_2_V = add i52 %sext_ln703_19, %add_ln703_422" [firmware/nnet_utils/nnet_dense_latency.h:115]   --->   Operation 133 'add' 'acc_2_V' <Predicate = true> <Delay = 0.95> <Core = "TAddSub">   --->   Core 83 'TAddSub' <Latency = 0> <II = 1> <Delay = 0.47> <IPBlock> <Opcode : 'add' 'sub'> <InPorts = 3> <OutPorts = 1> <Sync> <CReg>
ST_2 : Operation 134 [1/1] (1.29ns)   --->   "%add_ln703_424 = add i51 %shl_ln728_290, %zext_ln728_253" [firmware/nnet_utils/nnet_dense_latency.h:115]   --->   Operation 134 'add' 'add_ln703_424' <Predicate = true> <Delay = 1.29> <Core = "AddSub">   --->   Core 14 'AddSub' <Latency = 0> <II = 1> <Delay = 1.27> <FuncUnit> <Opcode : 'add' 'sub'> <InPorts = 2> <OutPorts = 1>
ST_2 : Operation 135 [1/1] (0.00ns)   --->   "%zext_ln703_17 = zext i51 %add_ln703_424 to i52" [firmware/nnet_utils/nnet_dense_latency.h:115]   --->   Operation 135 'zext' 'zext_ln703_17' <Predicate = true> <Delay = 0.00>
ST_2 : Operation 136 [1/1] (1.30ns)   --->   "%add_ln703_425 = add i52 %shl_ln728_305, -19413252177920" [firmware/nnet_utils/nnet_dense_latency.h:115]   --->   Operation 136 'add' 'add_ln703_425' <Predicate = true> <Delay = 1.30> <Core = "AddSub">   --->   Core 14 'AddSub' <Latency = 0> <II = 1> <Delay = 1.27> <FuncUnit> <Opcode : 'add' 'sub'> <InPorts = 2> <OutPorts = 1>
ST_2 : Operation 137 [1/1] (0.00ns) (grouped into TernaryAdder)   --->   "%add_ln703_426 = add i52 %shl_ln728_297, %add_ln703_425" [firmware/nnet_utils/nnet_dense_latency.h:115]   --->   Operation 137 'add' 'add_ln703_426' <Predicate = true> <Delay = 0.00> <Core = "TAddSub">   --->   Core 83 'TAddSub' <Latency = 0> <II = 1> <Delay = 0.47> <IPBlock> <Opcode : 'add' 'sub'> <InPorts = 3> <OutPorts = 1> <Sync> <CReg>
ST_2 : Operation 138 [1/1] (0.95ns) (root node of TernaryAdder)   --->   "%acc_3_V = add i52 %zext_ln703_17, %add_ln703_426" [firmware/nnet_utils/nnet_dense_latency.h:115]   --->   Operation 138 'add' 'acc_3_V' <Predicate = true> <Delay = 0.95> <Core = "TAddSub">   --->   Core 83 'TAddSub' <Latency = 0> <II = 1> <Delay = 0.47> <IPBlock> <Opcode : 'add' 'sub'> <InPorts = 3> <OutPorts = 1> <Sync> <CReg>
ST_2 : Operation 139 [1/1] (0.00ns) (grouped into TernaryAdder)   --->   "%add_ln703_428 = add i52 %sext_ln728_134, %zext_ln728_254" [firmware/nnet_utils/nnet_dense_latency.h:115]   --->   Operation 139 'add' 'add_ln703_428' <Predicate = true> <Delay = 0.00> <Core = "TAddSub">   --->   Core 83 'TAddSub' <Latency = 0> <II = 1> <Delay = 0.47> <IPBlock> <Opcode : 'add' 'sub'> <InPorts = 3> <OutPorts = 1> <Sync> <CReg>
ST_2 : Operation 140 [1/1] (1.26ns)   --->   "%add_ln703_429 = add i48 %sext_ln1118, -22196390985728" [firmware/nnet_utils/nnet_dense_latency.h:115]   --->   Operation 140 'add' 'add_ln703_429' <Predicate = true> <Delay = 1.26> <Core = "AddSub">   --->   Core 14 'AddSub' <Latency = 0> <II = 1> <Delay = 1.27> <FuncUnit> <Opcode : 'add' 'sub'> <InPorts = 2> <OutPorts = 1>
ST_2 : Operation 141 [1/1] (0.00ns)   --->   "%sext_ln703_20 = sext i48 %add_ln703_429 to i49" [firmware/nnet_utils/nnet_dense_latency.h:115]   --->   Operation 141 'sext' 'sext_ln703_20' <Predicate = true> <Delay = 0.00>
ST_2 : Operation 142 [1/1] (1.27ns)   --->   "%add_ln703_430 = add i49 %zext_ln1118_229, %sext_ln703_20" [firmware/nnet_utils/nnet_dense_latency.h:115]   --->   Operation 142 'add' 'add_ln703_430' <Predicate = true> <Delay = 1.27> <Core = "AddSub">   --->   Core 14 'AddSub' <Latency = 0> <II = 1> <Delay = 1.27> <FuncUnit> <Opcode : 'add' 'sub'> <InPorts = 2> <OutPorts = 1>
ST_2 : Operation 143 [1/1] (0.00ns)   --->   "%sext_ln703_21 = sext i49 %add_ln703_430 to i52" [firmware/nnet_utils/nnet_dense_latency.h:115]   --->   Operation 143 'sext' 'sext_ln703_21' <Predicate = true> <Delay = 0.00>
ST_2 : Operation 144 [1/1] (0.95ns) (root node of TernaryAdder)   --->   "%acc_4_V = add i52 %add_ln703_428, %sext_ln703_21" [firmware/nnet_utils/nnet_dense_latency.h:115]   --->   Operation 144 'add' 'acc_4_V' <Predicate = true> <Delay = 0.95> <Core = "TAddSub">   --->   Core 83 'TAddSub' <Latency = 0> <II = 1> <Delay = 0.47> <IPBlock> <Opcode : 'add' 'sub'> <InPorts = 3> <OutPorts = 1> <Sync> <CReg>
ST_2 : Operation 145 [1/1] (1.27ns)   --->   "%add_ln703_432 = add i50 %zext_ln728_255, %shl_ln728_291" [firmware/nnet_utils/nnet_dense_latency.h:115]   --->   Operation 145 'add' 'add_ln703_432' <Predicate = true> <Delay = 1.27> <Core = "AddSub">   --->   Core 14 'AddSub' <Latency = 0> <II = 1> <Delay = 1.27> <FuncUnit> <Opcode : 'add' 'sub'> <InPorts = 2> <OutPorts = 1>
ST_2 : Operation 146 [1/1] (0.00ns)   --->   "%sext_ln703_22 = sext i50 %add_ln703_432 to i52" [firmware/nnet_utils/nnet_dense_latency.h:115]   --->   Operation 146 'sext' 'sext_ln703_22' <Predicate = true> <Delay = 0.00>
ST_2 : Operation 147 [1/1] (0.00ns) (grouped into TernaryAdder)   --->   "%add_ln703_433 = add i52 %sext_ln728_139, %sext_ln728_137" [firmware/nnet_utils/nnet_dense_latency.h:115]   --->   Operation 147 'add' 'add_ln703_433' <Predicate = true> <Delay = 0.00> <Core = "TAddSub">   --->   Core 83 'TAddSub' <Latency = 0> <II = 1> <Delay = 0.47> <IPBlock> <Opcode : 'add' 'sub'> <InPorts = 3> <OutPorts = 1> <Sync> <CReg>
ST_2 : Operation 148 [1/1] (0.95ns) (root node of TernaryAdder)   --->   "%acc_5_V = add i52 %sext_ln703_22, %add_ln703_433" [firmware/nnet_utils/nnet_dense_latency.h:115]   --->   Operation 148 'add' 'acc_5_V' <Predicate = true> <Delay = 0.95> <Core = "TAddSub">   --->   Core 83 'TAddSub' <Latency = 0> <II = 1> <Delay = 0.47> <IPBlock> <Opcode : 'add' 'sub'> <InPorts = 3> <OutPorts = 1> <Sync> <CReg>
ST_2 : Operation 149 [1/1] (1.30ns)   --->   "%add_ln703_435 = add i52 %zext_ln728_261, %shl_ln728_285" [firmware/nnet_utils/nnet_dense_latency.h:115]   --->   Operation 149 'add' 'add_ln703_435' <Predicate = true> <Delay = 1.30> <Core = "AddSub">   --->   Core 14 'AddSub' <Latency = 0> <II = 1> <Delay = 1.27> <FuncUnit> <Opcode : 'add' 'sub'> <InPorts = 2> <OutPorts = 1>
ST_2 : Operation 150 [1/1] (1.29ns)   --->   "%add_ln703_436 = add i51 %shl_ln728_308, 12335146074112" [firmware/nnet_utils/nnet_dense_latency.h:115]   --->   Operation 150 'add' 'add_ln703_436' <Predicate = true> <Delay = 1.29> <Core = "AddSub">   --->   Core 14 'AddSub' <Latency = 0> <II = 1> <Delay = 1.27> <FuncUnit> <Opcode : 'add' 'sub'> <InPorts = 2> <OutPorts = 1>
ST_2 : Operation 151 [1/1] (0.00ns)   --->   "%zext_ln703_18 = zext i51 %add_ln703_436 to i52" [firmware/nnet_utils/nnet_dense_latency.h:115]   --->   Operation 151 'zext' 'zext_ln703_18' <Predicate = true> <Delay = 0.00>
ST_2 : Operation 152 [1/1] (0.00ns) (grouped into TernaryAdder)   --->   "%add_ln703_437 = add i52 %sext_ln728_138, %zext_ln703_18" [firmware/nnet_utils/nnet_dense_latency.h:115]   --->   Operation 152 'add' 'add_ln703_437' <Predicate = true> <Delay = 0.00> <Core = "TAddSub">   --->   Core 83 'TAddSub' <Latency = 0> <II = 1> <Delay = 0.47> <IPBlock> <Opcode : 'add' 'sub'> <InPorts = 3> <OutPorts = 1> <Sync> <CReg>
ST_2 : Operation 153 [1/1] (0.95ns) (root node of TernaryAdder)   --->   "%acc_6_V = add i52 %add_ln703_435, %add_ln703_437" [firmware/nnet_utils/nnet_dense_latency.h:115]   --->   Operation 153 'add' 'acc_6_V' <Predicate = true> <Delay = 0.95> <Core = "TAddSub">   --->   Core 83 'TAddSub' <Latency = 0> <II = 1> <Delay = 0.47> <IPBlock> <Opcode : 'add' 'sub'> <InPorts = 3> <OutPorts = 1> <Sync> <CReg>
ST_2 : Operation 154 [1/1] (1.30ns)   --->   "%add_ln703_439 = add i52 %shl_ln728_293, %zext_ln728_256" [firmware/nnet_utils/nnet_dense_latency.h:115]   --->   Operation 154 'add' 'add_ln703_439' <Predicate = true> <Delay = 1.30> <Core = "AddSub">   --->   Core 14 'AddSub' <Latency = 0> <II = 1> <Delay = 1.27> <FuncUnit> <Opcode : 'add' 'sub'> <InPorts = 2> <OutPorts = 1>
ST_2 : Operation 155 [1/1] (1.27ns)   --->   "%add_ln703_440 = add i51 %zext_ln703, -4432406249472" [firmware/nnet_utils/nnet_dense_latency.h:115]   --->   Operation 155 'add' 'add_ln703_440' <Predicate = true> <Delay = 1.27> <Core = "AddSub">   --->   Core 14 'AddSub' <Latency = 0> <II = 1> <Delay = 1.27> <FuncUnit> <Opcode : 'add' 'sub'> <InPorts = 2> <OutPorts = 1>
ST_2 : Operation 156 [1/1] (0.00ns)   --->   "%sext_ln703_23 = sext i51 %add_ln703_440 to i52" [firmware/nnet_utils/nnet_dense_latency.h:115]   --->   Operation 156 'sext' 'sext_ln703_23' <Predicate = true> <Delay = 0.00>
ST_2 : Operation 157 [1/1] (0.00ns) (grouped into TernaryAdder)   --->   "%add_ln703_441 = add i52 %zext_ln728_264, %sext_ln703_23" [firmware/nnet_utils/nnet_dense_latency.h:115]   --->   Operation 157 'add' 'add_ln703_441' <Predicate = true> <Delay = 0.00> <Core = "TAddSub">   --->   Core 83 'TAddSub' <Latency = 0> <II = 1> <Delay = 0.47> <IPBlock> <Opcode : 'add' 'sub'> <InPorts = 3> <OutPorts = 1> <Sync> <CReg>
ST_2 : Operation 158 [1/1] (0.95ns) (root node of TernaryAdder)   --->   "%acc_7_V = add i52 %add_ln703_439, %add_ln703_441" [firmware/nnet_utils/nnet_dense_latency.h:115]   --->   Operation 158 'add' 'acc_7_V' <Predicate = true> <Delay = 0.95> <Core = "TAddSub">   --->   Core 83 'TAddSub' <Latency = 0> <II = 1> <Delay = 0.47> <IPBlock> <Opcode : 'add' 'sub'> <InPorts = 3> <OutPorts = 1> <Sync> <CReg>
ST_2 : Operation 159 [1/1] (0.00ns)   --->   "%res_0_V_write_assign = call i23 @_ssdm_op_PartSelect.i23.i52.i32.i32(i52 %p_Val2_s, i32 29, i32 51)" [firmware/nnet_utils/nnet_mult.h:117->firmware/nnet_utils/nnet_dense_latency.h:125]   --->   Operation 159 'partselect' 'res_0_V_write_assign' <Predicate = true> <Delay = 0.00>
ST_2 : Operation 160 [1/1] (0.00ns)   --->   "%res_1_V_write_assign = call i23 @_ssdm_op_PartSelect.i23.i52.i32.i32(i52 %acc_1_V, i32 29, i32 51)" [firmware/nnet_utils/nnet_mult.h:117->firmware/nnet_utils/nnet_dense_latency.h:125]   --->   Operation 160 'partselect' 'res_1_V_write_assign' <Predicate = true> <Delay = 0.00>
ST_2 : Operation 161 [1/1] (0.00ns)   --->   "%res_2_V_write_assign = call i23 @_ssdm_op_PartSelect.i23.i52.i32.i32(i52 %acc_2_V, i32 29, i32 51)" [firmware/nnet_utils/nnet_mult.h:117->firmware/nnet_utils/nnet_dense_latency.h:125]   --->   Operation 161 'partselect' 'res_2_V_write_assign' <Predicate = true> <Delay = 0.00>
ST_2 : Operation 162 [1/1] (0.00ns)   --->   "%res_3_V_write_assign = call i23 @_ssdm_op_PartSelect.i23.i52.i32.i32(i52 %acc_3_V, i32 29, i32 51)" [firmware/nnet_utils/nnet_mult.h:117->firmware/nnet_utils/nnet_dense_latency.h:125]   --->   Operation 162 'partselect' 'res_3_V_write_assign' <Predicate = true> <Delay = 0.00>
ST_2 : Operation 163 [1/1] (0.00ns)   --->   "%res_4_V_write_assign = call i23 @_ssdm_op_PartSelect.i23.i52.i32.i32(i52 %acc_4_V, i32 29, i32 51)" [firmware/nnet_utils/nnet_mult.h:117->firmware/nnet_utils/nnet_dense_latency.h:125]   --->   Operation 163 'partselect' 'res_4_V_write_assign' <Predicate = true> <Delay = 0.00>
ST_2 : Operation 164 [1/1] (0.00ns)   --->   "%res_5_V_write_assign = call i23 @_ssdm_op_PartSelect.i23.i52.i32.i32(i52 %acc_5_V, i32 29, i32 51)" [firmware/nnet_utils/nnet_mult.h:117->firmware/nnet_utils/nnet_dense_latency.h:125]   --->   Operation 164 'partselect' 'res_5_V_write_assign' <Predicate = true> <Delay = 0.00>
ST_2 : Operation 165 [1/1] (0.00ns)   --->   "%res_6_V_write_assign = call i23 @_ssdm_op_PartSelect.i23.i52.i32.i32(i52 %acc_6_V, i32 29, i32 51)" [firmware/nnet_utils/nnet_mult.h:117->firmware/nnet_utils/nnet_dense_latency.h:125]   --->   Operation 165 'partselect' 'res_6_V_write_assign' <Predicate = true> <Delay = 0.00>
ST_2 : Operation 166 [1/1] (0.00ns)   --->   "%res_7_V_write_assign = call i23 @_ssdm_op_PartSelect.i23.i52.i32.i32(i52 %acc_7_V, i32 29, i32 51)" [firmware/nnet_utils/nnet_mult.h:117->firmware/nnet_utils/nnet_dense_latency.h:125]   --->   Operation 166 'partselect' 'res_7_V_write_assign' <Predicate = true> <Delay = 0.00>
ST_2 : Operation 167 [1/1] (0.00ns)   --->   "%mrv = insertvalue { i23, i23, i23, i23, i23, i23, i23, i23 } undef, i23 %res_0_V_write_assign, 0" [firmware/nnet_utils/nnet_dense_latency.h:127]   --->   Operation 167 'insertvalue' 'mrv' <Predicate = true> <Delay = 0.00>
ST_2 : Operation 168 [1/1] (0.00ns)   --->   "%mrv_1 = insertvalue { i23, i23, i23, i23, i23, i23, i23, i23 } %mrv, i23 %res_1_V_write_assign, 1" [firmware/nnet_utils/nnet_dense_latency.h:127]   --->   Operation 168 'insertvalue' 'mrv_1' <Predicate = true> <Delay = 0.00>
ST_2 : Operation 169 [1/1] (0.00ns)   --->   "%mrv_2 = insertvalue { i23, i23, i23, i23, i23, i23, i23, i23 } %mrv_1, i23 %res_2_V_write_assign, 2" [firmware/nnet_utils/nnet_dense_latency.h:127]   --->   Operation 169 'insertvalue' 'mrv_2' <Predicate = true> <Delay = 0.00>
ST_2 : Operation 170 [1/1] (0.00ns)   --->   "%mrv_3 = insertvalue { i23, i23, i23, i23, i23, i23, i23, i23 } %mrv_2, i23 %res_3_V_write_assign, 3" [firmware/nnet_utils/nnet_dense_latency.h:127]   --->   Operation 170 'insertvalue' 'mrv_3' <Predicate = true> <Delay = 0.00>
ST_2 : Operation 171 [1/1] (0.00ns)   --->   "%mrv_4 = insertvalue { i23, i23, i23, i23, i23, i23, i23, i23 } %mrv_3, i23 %res_4_V_write_assign, 4" [firmware/nnet_utils/nnet_dense_latency.h:127]   --->   Operation 171 'insertvalue' 'mrv_4' <Predicate = true> <Delay = 0.00>
ST_2 : Operation 172 [1/1] (0.00ns)   --->   "%mrv_5 = insertvalue { i23, i23, i23, i23, i23, i23, i23, i23 } %mrv_4, i23 %res_5_V_write_assign, 5" [firmware/nnet_utils/nnet_dense_latency.h:127]   --->   Operation 172 'insertvalue' 'mrv_5' <Predicate = true> <Delay = 0.00>
ST_2 : Operation 173 [1/1] (0.00ns)   --->   "%mrv_6 = insertvalue { i23, i23, i23, i23, i23, i23, i23, i23 } %mrv_5, i23 %res_6_V_write_assign, 6" [firmware/nnet_utils/nnet_dense_latency.h:127]   --->   Operation 173 'insertvalue' 'mrv_6' <Predicate = true> <Delay = 0.00>
ST_2 : Operation 174 [1/1] (0.00ns)   --->   "%mrv_7 = insertvalue { i23, i23, i23, i23, i23, i23, i23, i23 } %mrv_6, i23 %res_7_V_write_assign, 7" [firmware/nnet_utils/nnet_dense_latency.h:127]   --->   Operation 174 'insertvalue' 'mrv_7' <Predicate = true> <Delay = 0.00>
ST_2 : Operation 175 [1/1] (0.00ns)   --->   "ret { i23, i23, i23, i23, i23, i23, i23, i23 } %mrv_7" [firmware/nnet_utils/nnet_dense_latency.h:127]   --->   Operation 175 'ret' <Predicate = true> <Delay = 0.00>


============================================================
+ Verbose Summary: Timing violations
============================================================
Target clock period: 5ns, clock uncertainty: 0.625ns.

 <State 1>: 3.24ns
The critical path consists of the following:
	wire read on port 'data_3_V_read' (firmware/nnet_utils/nnet_dense_latency.h:33) [5]  (0 ns)
	'mul' operation ('mul_ln1118_169', firmware/nnet_utils/nnet_mult.h:77->firmware/nnet_utils/nnet_dense_latency.h:96) [101]  (3.24 ns)

 <State 2>: 4.2ns
The critical path consists of the following:
	'mul' operation ('mul_ln728_279', firmware/nnet_utils/nnet_mult.h:77->firmware/nnet_utils/nnet_dense_latency.h:96) [30]  (3.24 ns)
	'add' operation ('add_ln703_428', firmware/nnet_utils/nnet_dense_latency.h:115) [141]  (0 ns)
	'add' operation ('acc[4].V', firmware/nnet_utils/nnet_dense_latency.h:115) [146]  (0.958 ns)


============================================================
+ Verbose Summary: Binding
============================================================
N/A
* FSMD analyzer results:
  - Output states:
 - Input state : 
  - Chain level:
	State 1
	State 2


============================================================
+ Verbose Summary: Datapath Resource usage 
============================================================
N/A
