

================================================================
== Vivado HLS Report for 'relu_ap_fixed_ap_ufixed_128_16_5_3_0_relu_config19_s'
================================================================
* Date:           Sat Aug  6 20:49:46 2022

* Version:        2019.1 (Build 2552052 on Fri May 24 15:28:33 MDT 2019)
* Project:        myproject_prj
* Solution:       solution1
* Product family: zynquplus
* Target device:  xczu3eg-sbva484-1-e


================================================================
== Performance Estimates
================================================================
+ Timing (ns): 
    * Summary: 
    +--------+-------+----------+------------+
    |  Clock | Target| Estimated| Uncertainty|
    +--------+-------+----------+------------+
    |ap_clk  |   5.00|     1.919|        0.62|
    +--------+-------+----------+------------+

+ Latency (clock cycles): 
    * Summary: 
    +-----+-----+-----+-----+----------+
    |  Latency  |  Interval | Pipeline |
    | min | max | min | max |   Type   |
    +-----+-----+-----+-----+----------+
    |    0|    0|    1|    1| function |
    +-----+-----+-----+-----+----------+

    + Detail: 
        * Instance: 
        N/A

        * Loop: 
        N/A



================================================================
== Utilization Estimates
================================================================
* Summary: 
+-----------------+---------+-------+--------+-------+-----+
|       Name      | BRAM_18K| DSP48E|   FF   |  LUT  | URAM|
+-----------------+---------+-------+--------+-------+-----+
|DSP              |        -|      -|       -|      -|    -|
|Expression       |        -|      -|       0|   2064|    -|
|FIFO             |        -|      -|       -|      -|    -|
|Instance         |        -|      -|       -|      -|    -|
|Memory           |        -|      -|       -|      -|    -|
|Multiplexer      |        -|      -|       -|      -|    -|
|Register         |        -|      -|       -|      -|    -|
+-----------------+---------+-------+--------+-------+-----+
|Total            |        0|      0|       0|   2064|    0|
+-----------------+---------+-------+--------+-------+-----+
|Available        |      432|    360|  141120|  70560|    0|
+-----------------+---------+-------+--------+-------+-----+
|Utilization (%)  |        0|      0|       0|      2|    0|
+-----------------+---------+-------+--------+-------+-----+

+ Detail: 
    * Instance: 
    N/A

    * DSP48E: 
    N/A

    * Memory: 
    N/A

    * FIFO: 
    N/A

    * Expression: 
    +--------------------------+----------+-------+---+-----+------------+------------+
    |       Variable Name      | Operation| DSP48E| FF| LUT | Bitwidth P0| Bitwidth P1|
    +--------------------------+----------+-------+---+-----+------------+------------+
    |icmp_ln1494_10_fu_334_p2  |   icmp   |      0|  0|   50|         128|           1|
    |icmp_ln1494_11_fu_356_p2  |   icmp   |      0|  0|   50|         128|           1|
    |icmp_ln1494_1_fu_136_p2   |   icmp   |      0|  0|   50|         128|           1|
    |icmp_ln1494_2_fu_158_p2   |   icmp   |      0|  0|   50|         128|           1|
    |icmp_ln1494_3_fu_180_p2   |   icmp   |      0|  0|   50|         128|           1|
    |icmp_ln1494_4_fu_202_p2   |   icmp   |      0|  0|   50|         128|           1|
    |icmp_ln1494_5_fu_224_p2   |   icmp   |      0|  0|   50|         128|           1|
    |icmp_ln1494_6_fu_246_p2   |   icmp   |      0|  0|   50|         128|           1|
    |icmp_ln1494_7_fu_268_p2   |   icmp   |      0|  0|   50|         128|           1|
    |icmp_ln1494_8_fu_290_p2   |   icmp   |      0|  0|   50|         128|           1|
    |icmp_ln1494_9_fu_312_p2   |   icmp   |      0|  0|   50|         128|           1|
    |icmp_ln1494_fu_114_p2     |   icmp   |      0|  0|   50|         128|           1|
    |select_ln71_11_fu_146_p3  |  select  |      0|  0|  122|           1|         127|
    |select_ln71_12_fu_168_p3  |  select  |      0|  0|  122|           1|         127|
    |select_ln71_13_fu_190_p3  |  select  |      0|  0|  122|           1|         127|
    |select_ln71_14_fu_212_p3  |  select  |      0|  0|  122|           1|         127|
    |select_ln71_15_fu_234_p3  |  select  |      0|  0|  122|           1|         127|
    |select_ln71_16_fu_256_p3  |  select  |      0|  0|  122|           1|         127|
    |select_ln71_17_fu_278_p3  |  select  |      0|  0|  122|           1|         127|
    |select_ln71_18_fu_300_p3  |  select  |      0|  0|  122|           1|         127|
    |select_ln71_19_fu_322_p3  |  select  |      0|  0|  122|           1|         127|
    |select_ln71_20_fu_344_p3  |  select  |      0|  0|  122|           1|         127|
    |select_ln71_21_fu_366_p3  |  select  |      0|  0|  122|           1|         127|
    |select_ln71_fu_124_p3     |  select  |      0|  0|  122|           1|         127|
    +--------------------------+----------+-------+---+-----+------------+------------+
    |Total                     |          |      0|  0| 2064|        1548|        1536|
    +--------------------------+----------+-------+---+-----+------------+------------+

    * Multiplexer: 
    N/A

    * Register: 
    N/A



================================================================
== Interface
================================================================
* Summary: 
+----------------+-----+-----+------------+------------------------------------------------------+--------------+
|    RTL Ports   | Dir | Bits|  Protocol  |                     Source Object                    |    C Type    |
+----------------+-----+-----+------------+------------------------------------------------------+--------------+
|ap_ready        | out |    1| ap_ctrl_hs | relu<ap_fixed,ap_ufixed<128,16,5,3,0>,relu_config19> | return value |
|ap_return_0     | out |  128| ap_ctrl_hs | relu<ap_fixed,ap_ufixed<128,16,5,3,0>,relu_config19> | return value |
|ap_return_1     | out |  128| ap_ctrl_hs | relu<ap_fixed,ap_ufixed<128,16,5,3,0>,relu_config19> | return value |
|ap_return_2     | out |  128| ap_ctrl_hs | relu<ap_fixed,ap_ufixed<128,16,5,3,0>,relu_config19> | return value |
|ap_return_3     | out |  128| ap_ctrl_hs | relu<ap_fixed,ap_ufixed<128,16,5,3,0>,relu_config19> | return value |
|ap_return_4     | out |  128| ap_ctrl_hs | relu<ap_fixed,ap_ufixed<128,16,5,3,0>,relu_config19> | return value |
|ap_return_5     | out |  128| ap_ctrl_hs | relu<ap_fixed,ap_ufixed<128,16,5,3,0>,relu_config19> | return value |
|ap_return_6     | out |  128| ap_ctrl_hs | relu<ap_fixed,ap_ufixed<128,16,5,3,0>,relu_config19> | return value |
|ap_return_7     | out |  128| ap_ctrl_hs | relu<ap_fixed,ap_ufixed<128,16,5,3,0>,relu_config19> | return value |
|ap_return_8     | out |  128| ap_ctrl_hs | relu<ap_fixed,ap_ufixed<128,16,5,3,0>,relu_config19> | return value |
|ap_return_9     | out |  128| ap_ctrl_hs | relu<ap_fixed,ap_ufixed<128,16,5,3,0>,relu_config19> | return value |
|ap_return_10    | out |  128| ap_ctrl_hs | relu<ap_fixed,ap_ufixed<128,16,5,3,0>,relu_config19> | return value |
|ap_return_11    | out |  128| ap_ctrl_hs | relu<ap_fixed,ap_ufixed<128,16,5,3,0>,relu_config19> | return value |
|data_0_V_read   |  in |  128|   ap_none  |                     data_0_V_read                    |    scalar    |
|data_1_V_read   |  in |  128|   ap_none  |                     data_1_V_read                    |    scalar    |
|data_2_V_read   |  in |  128|   ap_none  |                     data_2_V_read                    |    scalar    |
|data_3_V_read   |  in |  128|   ap_none  |                     data_3_V_read                    |    scalar    |
|data_4_V_read   |  in |  128|   ap_none  |                     data_4_V_read                    |    scalar    |
|data_5_V_read   |  in |  128|   ap_none  |                     data_5_V_read                    |    scalar    |
|data_6_V_read   |  in |  128|   ap_none  |                     data_6_V_read                    |    scalar    |
|data_7_V_read   |  in |  128|   ap_none  |                     data_7_V_read                    |    scalar    |
|data_8_V_read   |  in |  128|   ap_none  |                     data_8_V_read                    |    scalar    |
|data_9_V_read   |  in |  128|   ap_none  |                     data_9_V_read                    |    scalar    |
|data_10_V_read  |  in |  128|   ap_none  |                    data_10_V_read                    |    scalar    |
|data_11_V_read  |  in |  128|   ap_none  |                    data_11_V_read                    |    scalar    |
+----------------+-----+-----+------------+------------------------------------------------------+--------------+

============================================================
+ Verbose Summary: Synthesis Manager
============================================================
InlineROM: 1
ExposeGlobal: 0
============================================================
+ Verbose Summary: CDFG Model
============================================================
IsTopModel: 0
ResetActiveHigh: 1
IsCombinational: 1
IsDatapathOnly: 2
HasWiredReturn: 1
HasMFsm: 2
HasVarLatency: 0
IsPipeline: 1
IsRtlPipelined: 0
IsInstanceOverlapped: 0
IsDontTouch: 0
HasImplIP: 0
IsGatedGlobalClock: 0

+ Individual pipeline summary: 
  * Pipeline-0: initiation interval (II) = 1, depth = 1


============================================================
+ Verbose Summary: Schedule
============================================================
* Number of FSM states : 1
* Pipeline : 1
  Pipeline-0 : II = 1, D = 1, States = { 1 }
* Dataflow Pipeline: 0

* FSM state transitions: 
1 --> 

* FSM state operations: 

State 1 <SV = 0> <Delay = 1.91>
ST_1 : Operation 2 [1/1] (0.00ns)   --->   "%data_11_V_read_1 = call i128 @_ssdm_op_Read.ap_auto.i128(i128 %data_11_V_read)" [firmware/nnet_utils/nnet_activation.h:64]   --->   Operation 2 'read' 'data_11_V_read_1' <Predicate = true> <Delay = 0.00>
ST_1 : Operation 3 [1/1] (0.00ns)   --->   "%data_10_V_read_1 = call i128 @_ssdm_op_Read.ap_auto.i128(i128 %data_10_V_read)" [firmware/nnet_utils/nnet_activation.h:64]   --->   Operation 3 'read' 'data_10_V_read_1' <Predicate = true> <Delay = 0.00>
ST_1 : Operation 4 [1/1] (0.00ns)   --->   "%data_9_V_read_1 = call i128 @_ssdm_op_Read.ap_auto.i128(i128 %data_9_V_read)" [firmware/nnet_utils/nnet_activation.h:64]   --->   Operation 4 'read' 'data_9_V_read_1' <Predicate = true> <Delay = 0.00>
ST_1 : Operation 5 [1/1] (0.00ns)   --->   "%data_8_V_read_1 = call i128 @_ssdm_op_Read.ap_auto.i128(i128 %data_8_V_read)" [firmware/nnet_utils/nnet_activation.h:64]   --->   Operation 5 'read' 'data_8_V_read_1' <Predicate = true> <Delay = 0.00>
ST_1 : Operation 6 [1/1] (0.00ns)   --->   "%data_7_V_read_2 = call i128 @_ssdm_op_Read.ap_auto.i128(i128 %data_7_V_read)" [firmware/nnet_utils/nnet_activation.h:64]   --->   Operation 6 'read' 'data_7_V_read_2' <Predicate = true> <Delay = 0.00>
ST_1 : Operation 7 [1/1] (0.00ns)   --->   "%data_6_V_read_2 = call i128 @_ssdm_op_Read.ap_auto.i128(i128 %data_6_V_read)" [firmware/nnet_utils/nnet_activation.h:64]   --->   Operation 7 'read' 'data_6_V_read_2' <Predicate = true> <Delay = 0.00>
ST_1 : Operation 8 [1/1] (0.00ns)   --->   "%data_5_V_read_2 = call i128 @_ssdm_op_Read.ap_auto.i128(i128 %data_5_V_read)" [firmware/nnet_utils/nnet_activation.h:64]   --->   Operation 8 'read' 'data_5_V_read_2' <Predicate = true> <Delay = 0.00>
ST_1 : Operation 9 [1/1] (0.00ns)   --->   "%data_4_V_read_2 = call i128 @_ssdm_op_Read.ap_auto.i128(i128 %data_4_V_read)" [firmware/nnet_utils/nnet_activation.h:64]   --->   Operation 9 'read' 'data_4_V_read_2' <Predicate = true> <Delay = 0.00>
ST_1 : Operation 10 [1/1] (0.00ns)   --->   "%data_3_V_read_3 = call i128 @_ssdm_op_Read.ap_auto.i128(i128 %data_3_V_read)" [firmware/nnet_utils/nnet_activation.h:64]   --->   Operation 10 'read' 'data_3_V_read_3' <Predicate = true> <Delay = 0.00>
ST_1 : Operation 11 [1/1] (0.00ns)   --->   "%data_2_V_read_3 = call i128 @_ssdm_op_Read.ap_auto.i128(i128 %data_2_V_read)" [firmware/nnet_utils/nnet_activation.h:64]   --->   Operation 11 'read' 'data_2_V_read_3' <Predicate = true> <Delay = 0.00>
ST_1 : Operation 12 [1/1] (0.00ns)   --->   "%data_1_V_read_3 = call i128 @_ssdm_op_Read.ap_auto.i128(i128 %data_1_V_read)" [firmware/nnet_utils/nnet_activation.h:64]   --->   Operation 12 'read' 'data_1_V_read_3' <Predicate = true> <Delay = 0.00>
ST_1 : Operation 13 [1/1] (0.00ns)   --->   "%data_0_V_read_3 = call i128 @_ssdm_op_Read.ap_auto.i128(i128 %data_0_V_read)" [firmware/nnet_utils/nnet_activation.h:64]   --->   Operation 13 'read' 'data_0_V_read_3' <Predicate = true> <Delay = 0.00>
ST_1 : Operation 14 [1/1] (0.00ns)   --->   "call void (...)* @_ssdm_op_SpecPipeline(i32 -1, i32 1, i32 1, i32 0, [1 x i8]* @p_str15) nounwind" [firmware/nnet_utils/nnet_activation.h:66]   --->   Operation 14 'specpipeline' <Predicate = true> <Delay = 0.00>
ST_1 : Operation 15 [1/1] (1.46ns)   --->   "%icmp_ln1494 = icmp sgt i128 %data_0_V_read_3, 0" [firmware/nnet_utils/nnet_activation.h:71]   --->   Operation 15 'icmp' 'icmp_ln1494' <Predicate = true> <Delay = 1.46> <Core = "Cmp">   --->   Core 25 'Cmp' <Latency = 0> <II = 1> <Delay = 1.46> <FuncUnit> <Opcode : 'icmp'> <InPorts = 2> <OutPorts = 1>
ST_1 : Operation 16 [1/1] (0.00ns)   --->   "%trunc_ln71 = trunc i128 %data_0_V_read_3 to i127" [firmware/nnet_utils/nnet_activation.h:71]   --->   Operation 16 'trunc' 'trunc_ln71' <Predicate = (icmp_ln1494)> <Delay = 0.00>
ST_1 : Operation 17 [1/1] (0.45ns)   --->   "%select_ln71 = select i1 %icmp_ln1494, i127 %trunc_ln71, i127 0" [firmware/nnet_utils/nnet_activation.h:71]   --->   Operation 17 'select' 'select_ln71' <Predicate = true> <Delay = 0.45> <Core = "Sel">   --->   Core 26 'Sel' <Latency = 0> <II = 1> <Delay = 0.45> <FuncUnit> <Opcode : 'select'> <InPorts = 3> <OutPorts = 1>
ST_1 : Operation 18 [1/1] (0.00ns)   --->   "%zext_ln71 = zext i127 %select_ln71 to i128" [firmware/nnet_utils/nnet_activation.h:71]   --->   Operation 18 'zext' 'zext_ln71' <Predicate = true> <Delay = 0.00>
ST_1 : Operation 19 [1/1] (1.46ns)   --->   "%icmp_ln1494_1 = icmp sgt i128 %data_1_V_read_3, 0" [firmware/nnet_utils/nnet_activation.h:71]   --->   Operation 19 'icmp' 'icmp_ln1494_1' <Predicate = true> <Delay = 1.46> <Core = "Cmp">   --->   Core 25 'Cmp' <Latency = 0> <II = 1> <Delay = 1.46> <FuncUnit> <Opcode : 'icmp'> <InPorts = 2> <OutPorts = 1>
ST_1 : Operation 20 [1/1] (0.00ns)   --->   "%trunc_ln71_11 = trunc i128 %data_1_V_read_3 to i127" [firmware/nnet_utils/nnet_activation.h:71]   --->   Operation 20 'trunc' 'trunc_ln71_11' <Predicate = (icmp_ln1494_1)> <Delay = 0.00>
ST_1 : Operation 21 [1/1] (0.45ns)   --->   "%select_ln71_11 = select i1 %icmp_ln1494_1, i127 %trunc_ln71_11, i127 0" [firmware/nnet_utils/nnet_activation.h:71]   --->   Operation 21 'select' 'select_ln71_11' <Predicate = true> <Delay = 0.45> <Core = "Sel">   --->   Core 26 'Sel' <Latency = 0> <II = 1> <Delay = 0.45> <FuncUnit> <Opcode : 'select'> <InPorts = 3> <OutPorts = 1>
ST_1 : Operation 22 [1/1] (0.00ns)   --->   "%zext_ln71_11 = zext i127 %select_ln71_11 to i128" [firmware/nnet_utils/nnet_activation.h:71]   --->   Operation 22 'zext' 'zext_ln71_11' <Predicate = true> <Delay = 0.00>
ST_1 : Operation 23 [1/1] (1.46ns)   --->   "%icmp_ln1494_2 = icmp sgt i128 %data_2_V_read_3, 0" [firmware/nnet_utils/nnet_activation.h:71]   --->   Operation 23 'icmp' 'icmp_ln1494_2' <Predicate = true> <Delay = 1.46> <Core = "Cmp">   --->   Core 25 'Cmp' <Latency = 0> <II = 1> <Delay = 1.46> <FuncUnit> <Opcode : 'icmp'> <InPorts = 2> <OutPorts = 1>
ST_1 : Operation 24 [1/1] (0.00ns)   --->   "%trunc_ln71_12 = trunc i128 %data_2_V_read_3 to i127" [firmware/nnet_utils/nnet_activation.h:71]   --->   Operation 24 'trunc' 'trunc_ln71_12' <Predicate = (icmp_ln1494_2)> <Delay = 0.00>
ST_1 : Operation 25 [1/1] (0.45ns)   --->   "%select_ln71_12 = select i1 %icmp_ln1494_2, i127 %trunc_ln71_12, i127 0" [firmware/nnet_utils/nnet_activation.h:71]   --->   Operation 25 'select' 'select_ln71_12' <Predicate = true> <Delay = 0.45> <Core = "Sel">   --->   Core 26 'Sel' <Latency = 0> <II = 1> <Delay = 0.45> <FuncUnit> <Opcode : 'select'> <InPorts = 3> <OutPorts = 1>
ST_1 : Operation 26 [1/1] (0.00ns)   --->   "%zext_ln71_12 = zext i127 %select_ln71_12 to i128" [firmware/nnet_utils/nnet_activation.h:71]   --->   Operation 26 'zext' 'zext_ln71_12' <Predicate = true> <Delay = 0.00>
ST_1 : Operation 27 [1/1] (1.46ns)   --->   "%icmp_ln1494_3 = icmp sgt i128 %data_3_V_read_3, 0" [firmware/nnet_utils/nnet_activation.h:71]   --->   Operation 27 'icmp' 'icmp_ln1494_3' <Predicate = true> <Delay = 1.46> <Core = "Cmp">   --->   Core 25 'Cmp' <Latency = 0> <II = 1> <Delay = 1.46> <FuncUnit> <Opcode : 'icmp'> <InPorts = 2> <OutPorts = 1>
ST_1 : Operation 28 [1/1] (0.00ns)   --->   "%trunc_ln71_13 = trunc i128 %data_3_V_read_3 to i127" [firmware/nnet_utils/nnet_activation.h:71]   --->   Operation 28 'trunc' 'trunc_ln71_13' <Predicate = (icmp_ln1494_3)> <Delay = 0.00>
ST_1 : Operation 29 [1/1] (0.45ns)   --->   "%select_ln71_13 = select i1 %icmp_ln1494_3, i127 %trunc_ln71_13, i127 0" [firmware/nnet_utils/nnet_activation.h:71]   --->   Operation 29 'select' 'select_ln71_13' <Predicate = true> <Delay = 0.45> <Core = "Sel">   --->   Core 26 'Sel' <Latency = 0> <II = 1> <Delay = 0.45> <FuncUnit> <Opcode : 'select'> <InPorts = 3> <OutPorts = 1>
ST_1 : Operation 30 [1/1] (0.00ns)   --->   "%zext_ln71_13 = zext i127 %select_ln71_13 to i128" [firmware/nnet_utils/nnet_activation.h:71]   --->   Operation 30 'zext' 'zext_ln71_13' <Predicate = true> <Delay = 0.00>
ST_1 : Operation 31 [1/1] (1.46ns)   --->   "%icmp_ln1494_4 = icmp sgt i128 %data_4_V_read_2, 0" [firmware/nnet_utils/nnet_activation.h:71]   --->   Operation 31 'icmp' 'icmp_ln1494_4' <Predicate = true> <Delay = 1.46> <Core = "Cmp">   --->   Core 25 'Cmp' <Latency = 0> <II = 1> <Delay = 1.46> <FuncUnit> <Opcode : 'icmp'> <InPorts = 2> <OutPorts = 1>
ST_1 : Operation 32 [1/1] (0.00ns)   --->   "%trunc_ln71_14 = trunc i128 %data_4_V_read_2 to i127" [firmware/nnet_utils/nnet_activation.h:71]   --->   Operation 32 'trunc' 'trunc_ln71_14' <Predicate = (icmp_ln1494_4)> <Delay = 0.00>
ST_1 : Operation 33 [1/1] (0.45ns)   --->   "%select_ln71_14 = select i1 %icmp_ln1494_4, i127 %trunc_ln71_14, i127 0" [firmware/nnet_utils/nnet_activation.h:71]   --->   Operation 33 'select' 'select_ln71_14' <Predicate = true> <Delay = 0.45> <Core = "Sel">   --->   Core 26 'Sel' <Latency = 0> <II = 1> <Delay = 0.45> <FuncUnit> <Opcode : 'select'> <InPorts = 3> <OutPorts = 1>
ST_1 : Operation 34 [1/1] (0.00ns)   --->   "%zext_ln71_14 = zext i127 %select_ln71_14 to i128" [firmware/nnet_utils/nnet_activation.h:71]   --->   Operation 34 'zext' 'zext_ln71_14' <Predicate = true> <Delay = 0.00>
ST_1 : Operation 35 [1/1] (1.46ns)   --->   "%icmp_ln1494_5 = icmp sgt i128 %data_5_V_read_2, 0" [firmware/nnet_utils/nnet_activation.h:71]   --->   Operation 35 'icmp' 'icmp_ln1494_5' <Predicate = true> <Delay = 1.46> <Core = "Cmp">   --->   Core 25 'Cmp' <Latency = 0> <II = 1> <Delay = 1.46> <FuncUnit> <Opcode : 'icmp'> <InPorts = 2> <OutPorts = 1>
ST_1 : Operation 36 [1/1] (0.00ns)   --->   "%trunc_ln71_15 = trunc i128 %data_5_V_read_2 to i127" [firmware/nnet_utils/nnet_activation.h:71]   --->   Operation 36 'trunc' 'trunc_ln71_15' <Predicate = (icmp_ln1494_5)> <Delay = 0.00>
ST_1 : Operation 37 [1/1] (0.45ns)   --->   "%select_ln71_15 = select i1 %icmp_ln1494_5, i127 %trunc_ln71_15, i127 0" [firmware/nnet_utils/nnet_activation.h:71]   --->   Operation 37 'select' 'select_ln71_15' <Predicate = true> <Delay = 0.45> <Core = "Sel">   --->   Core 26 'Sel' <Latency = 0> <II = 1> <Delay = 0.45> <FuncUnit> <Opcode : 'select'> <InPorts = 3> <OutPorts = 1>
ST_1 : Operation 38 [1/1] (0.00ns)   --->   "%zext_ln71_15 = zext i127 %select_ln71_15 to i128" [firmware/nnet_utils/nnet_activation.h:71]   --->   Operation 38 'zext' 'zext_ln71_15' <Predicate = true> <Delay = 0.00>
ST_1 : Operation 39 [1/1] (1.46ns)   --->   "%icmp_ln1494_6 = icmp sgt i128 %data_6_V_read_2, 0" [firmware/nnet_utils/nnet_activation.h:71]   --->   Operation 39 'icmp' 'icmp_ln1494_6' <Predicate = true> <Delay = 1.46> <Core = "Cmp">   --->   Core 25 'Cmp' <Latency = 0> <II = 1> <Delay = 1.46> <FuncUnit> <Opcode : 'icmp'> <InPorts = 2> <OutPorts = 1>
ST_1 : Operation 40 [1/1] (0.00ns)   --->   "%trunc_ln71_16 = trunc i128 %data_6_V_read_2 to i127" [firmware/nnet_utils/nnet_activation.h:71]   --->   Operation 40 'trunc' 'trunc_ln71_16' <Predicate = (icmp_ln1494_6)> <Delay = 0.00>
ST_1 : Operation 41 [1/1] (0.45ns)   --->   "%select_ln71_16 = select i1 %icmp_ln1494_6, i127 %trunc_ln71_16, i127 0" [firmware/nnet_utils/nnet_activation.h:71]   --->   Operation 41 'select' 'select_ln71_16' <Predicate = true> <Delay = 0.45> <Core = "Sel">   --->   Core 26 'Sel' <Latency = 0> <II = 1> <Delay = 0.45> <FuncUnit> <Opcode : 'select'> <InPorts = 3> <OutPorts = 1>
ST_1 : Operation 42 [1/1] (0.00ns)   --->   "%zext_ln71_16 = zext i127 %select_ln71_16 to i128" [firmware/nnet_utils/nnet_activation.h:71]   --->   Operation 42 'zext' 'zext_ln71_16' <Predicate = true> <Delay = 0.00>
ST_1 : Operation 43 [1/1] (1.46ns)   --->   "%icmp_ln1494_7 = icmp sgt i128 %data_7_V_read_2, 0" [firmware/nnet_utils/nnet_activation.h:71]   --->   Operation 43 'icmp' 'icmp_ln1494_7' <Predicate = true> <Delay = 1.46> <Core = "Cmp">   --->   Core 25 'Cmp' <Latency = 0> <II = 1> <Delay = 1.46> <FuncUnit> <Opcode : 'icmp'> <InPorts = 2> <OutPorts = 1>
ST_1 : Operation 44 [1/1] (0.00ns)   --->   "%trunc_ln71_17 = trunc i128 %data_7_V_read_2 to i127" [firmware/nnet_utils/nnet_activation.h:71]   --->   Operation 44 'trunc' 'trunc_ln71_17' <Predicate = (icmp_ln1494_7)> <Delay = 0.00>
ST_1 : Operation 45 [1/1] (0.45ns)   --->   "%select_ln71_17 = select i1 %icmp_ln1494_7, i127 %trunc_ln71_17, i127 0" [firmware/nnet_utils/nnet_activation.h:71]   --->   Operation 45 'select' 'select_ln71_17' <Predicate = true> <Delay = 0.45> <Core = "Sel">   --->   Core 26 'Sel' <Latency = 0> <II = 1> <Delay = 0.45> <FuncUnit> <Opcode : 'select'> <InPorts = 3> <OutPorts = 1>
ST_1 : Operation 46 [1/1] (0.00ns)   --->   "%zext_ln71_17 = zext i127 %select_ln71_17 to i128" [firmware/nnet_utils/nnet_activation.h:71]   --->   Operation 46 'zext' 'zext_ln71_17' <Predicate = true> <Delay = 0.00>
ST_1 : Operation 47 [1/1] (1.46ns)   --->   "%icmp_ln1494_8 = icmp sgt i128 %data_8_V_read_1, 0" [firmware/nnet_utils/nnet_activation.h:71]   --->   Operation 47 'icmp' 'icmp_ln1494_8' <Predicate = true> <Delay = 1.46> <Core = "Cmp">   --->   Core 25 'Cmp' <Latency = 0> <II = 1> <Delay = 1.46> <FuncUnit> <Opcode : 'icmp'> <InPorts = 2> <OutPorts = 1>
ST_1 : Operation 48 [1/1] (0.00ns)   --->   "%trunc_ln71_18 = trunc i128 %data_8_V_read_1 to i127" [firmware/nnet_utils/nnet_activation.h:71]   --->   Operation 48 'trunc' 'trunc_ln71_18' <Predicate = (icmp_ln1494_8)> <Delay = 0.00>
ST_1 : Operation 49 [1/1] (0.45ns)   --->   "%select_ln71_18 = select i1 %icmp_ln1494_8, i127 %trunc_ln71_18, i127 0" [firmware/nnet_utils/nnet_activation.h:71]   --->   Operation 49 'select' 'select_ln71_18' <Predicate = true> <Delay = 0.45> <Core = "Sel">   --->   Core 26 'Sel' <Latency = 0> <II = 1> <Delay = 0.45> <FuncUnit> <Opcode : 'select'> <InPorts = 3> <OutPorts = 1>
ST_1 : Operation 50 [1/1] (0.00ns)   --->   "%zext_ln71_18 = zext i127 %select_ln71_18 to i128" [firmware/nnet_utils/nnet_activation.h:71]   --->   Operation 50 'zext' 'zext_ln71_18' <Predicate = true> <Delay = 0.00>
ST_1 : Operation 51 [1/1] (1.46ns)   --->   "%icmp_ln1494_9 = icmp sgt i128 %data_9_V_read_1, 0" [firmware/nnet_utils/nnet_activation.h:71]   --->   Operation 51 'icmp' 'icmp_ln1494_9' <Predicate = true> <Delay = 1.46> <Core = "Cmp">   --->   Core 25 'Cmp' <Latency = 0> <II = 1> <Delay = 1.46> <FuncUnit> <Opcode : 'icmp'> <InPorts = 2> <OutPorts = 1>
ST_1 : Operation 52 [1/1] (0.00ns)   --->   "%trunc_ln71_19 = trunc i128 %data_9_V_read_1 to i127" [firmware/nnet_utils/nnet_activation.h:71]   --->   Operation 52 'trunc' 'trunc_ln71_19' <Predicate = (icmp_ln1494_9)> <Delay = 0.00>
ST_1 : Operation 53 [1/1] (0.45ns)   --->   "%select_ln71_19 = select i1 %icmp_ln1494_9, i127 %trunc_ln71_19, i127 0" [firmware/nnet_utils/nnet_activation.h:71]   --->   Operation 53 'select' 'select_ln71_19' <Predicate = true> <Delay = 0.45> <Core = "Sel">   --->   Core 26 'Sel' <Latency = 0> <II = 1> <Delay = 0.45> <FuncUnit> <Opcode : 'select'> <InPorts = 3> <OutPorts = 1>
ST_1 : Operation 54 [1/1] (0.00ns)   --->   "%zext_ln71_19 = zext i127 %select_ln71_19 to i128" [firmware/nnet_utils/nnet_activation.h:71]   --->   Operation 54 'zext' 'zext_ln71_19' <Predicate = true> <Delay = 0.00>
ST_1 : Operation 55 [1/1] (1.46ns)   --->   "%icmp_ln1494_10 = icmp sgt i128 %data_10_V_read_1, 0" [firmware/nnet_utils/nnet_activation.h:71]   --->   Operation 55 'icmp' 'icmp_ln1494_10' <Predicate = true> <Delay = 1.46> <Core = "Cmp">   --->   Core 25 'Cmp' <Latency = 0> <II = 1> <Delay = 1.46> <FuncUnit> <Opcode : 'icmp'> <InPorts = 2> <OutPorts = 1>
ST_1 : Operation 56 [1/1] (0.00ns)   --->   "%trunc_ln71_20 = trunc i128 %data_10_V_read_1 to i127" [firmware/nnet_utils/nnet_activation.h:71]   --->   Operation 56 'trunc' 'trunc_ln71_20' <Predicate = (icmp_ln1494_10)> <Delay = 0.00>
ST_1 : Operation 57 [1/1] (0.45ns)   --->   "%select_ln71_20 = select i1 %icmp_ln1494_10, i127 %trunc_ln71_20, i127 0" [firmware/nnet_utils/nnet_activation.h:71]   --->   Operation 57 'select' 'select_ln71_20' <Predicate = true> <Delay = 0.45> <Core = "Sel">   --->   Core 26 'Sel' <Latency = 0> <II = 1> <Delay = 0.45> <FuncUnit> <Opcode : 'select'> <InPorts = 3> <OutPorts = 1>
ST_1 : Operation 58 [1/1] (0.00ns)   --->   "%zext_ln71_20 = zext i127 %select_ln71_20 to i128" [firmware/nnet_utils/nnet_activation.h:71]   --->   Operation 58 'zext' 'zext_ln71_20' <Predicate = true> <Delay = 0.00>
ST_1 : Operation 59 [1/1] (1.46ns)   --->   "%icmp_ln1494_11 = icmp sgt i128 %data_11_V_read_1, 0" [firmware/nnet_utils/nnet_activation.h:71]   --->   Operation 59 'icmp' 'icmp_ln1494_11' <Predicate = true> <Delay = 1.46> <Core = "Cmp">   --->   Core 25 'Cmp' <Latency = 0> <II = 1> <Delay = 1.46> <FuncUnit> <Opcode : 'icmp'> <InPorts = 2> <OutPorts = 1>
ST_1 : Operation 60 [1/1] (0.00ns)   --->   "%trunc_ln71_21 = trunc i128 %data_11_V_read_1 to i127" [firmware/nnet_utils/nnet_activation.h:71]   --->   Operation 60 'trunc' 'trunc_ln71_21' <Predicate = (icmp_ln1494_11)> <Delay = 0.00>
ST_1 : Operation 61 [1/1] (0.45ns)   --->   "%select_ln71_21 = select i1 %icmp_ln1494_11, i127 %trunc_ln71_21, i127 0" [firmware/nnet_utils/nnet_activation.h:71]   --->   Operation 61 'select' 'select_ln71_21' <Predicate = true> <Delay = 0.45> <Core = "Sel">   --->   Core 26 'Sel' <Latency = 0> <II = 1> <Delay = 0.45> <FuncUnit> <Opcode : 'select'> <InPorts = 3> <OutPorts = 1>
ST_1 : Operation 62 [1/1] (0.00ns)   --->   "%zext_ln71_21 = zext i127 %select_ln71_21 to i128" [firmware/nnet_utils/nnet_activation.h:71]   --->   Operation 62 'zext' 'zext_ln71_21' <Predicate = true> <Delay = 0.00>
ST_1 : Operation 63 [1/1] (0.00ns)   --->   "%mrv = insertvalue { i128, i128, i128, i128, i128, i128, i128, i128, i128, i128, i128, i128 } undef, i128 %zext_ln71, 0" [firmware/nnet_utils/nnet_activation.h:74]   --->   Operation 63 'insertvalue' 'mrv' <Predicate = true> <Delay = 0.00>
ST_1 : Operation 64 [1/1] (0.00ns)   --->   "%mrv_1 = insertvalue { i128, i128, i128, i128, i128, i128, i128, i128, i128, i128, i128, i128 } %mrv, i128 %zext_ln71_11, 1" [firmware/nnet_utils/nnet_activation.h:74]   --->   Operation 64 'insertvalue' 'mrv_1' <Predicate = true> <Delay = 0.00>
ST_1 : Operation 65 [1/1] (0.00ns)   --->   "%mrv_2 = insertvalue { i128, i128, i128, i128, i128, i128, i128, i128, i128, i128, i128, i128 } %mrv_1, i128 %zext_ln71_12, 2" [firmware/nnet_utils/nnet_activation.h:74]   --->   Operation 65 'insertvalue' 'mrv_2' <Predicate = true> <Delay = 0.00>
ST_1 : Operation 66 [1/1] (0.00ns)   --->   "%mrv_3 = insertvalue { i128, i128, i128, i128, i128, i128, i128, i128, i128, i128, i128, i128 } %mrv_2, i128 %zext_ln71_13, 3" [firmware/nnet_utils/nnet_activation.h:74]   --->   Operation 66 'insertvalue' 'mrv_3' <Predicate = true> <Delay = 0.00>
ST_1 : Operation 67 [1/1] (0.00ns)   --->   "%mrv_4 = insertvalue { i128, i128, i128, i128, i128, i128, i128, i128, i128, i128, i128, i128 } %mrv_3, i128 %zext_ln71_14, 4" [firmware/nnet_utils/nnet_activation.h:74]   --->   Operation 67 'insertvalue' 'mrv_4' <Predicate = true> <Delay = 0.00>
ST_1 : Operation 68 [1/1] (0.00ns)   --->   "%mrv_5 = insertvalue { i128, i128, i128, i128, i128, i128, i128, i128, i128, i128, i128, i128 } %mrv_4, i128 %zext_ln71_15, 5" [firmware/nnet_utils/nnet_activation.h:74]   --->   Operation 68 'insertvalue' 'mrv_5' <Predicate = true> <Delay = 0.00>
ST_1 : Operation 69 [1/1] (0.00ns)   --->   "%mrv_6 = insertvalue { i128, i128, i128, i128, i128, i128, i128, i128, i128, i128, i128, i128 } %mrv_5, i128 %zext_ln71_16, 6" [firmware/nnet_utils/nnet_activation.h:74]   --->   Operation 69 'insertvalue' 'mrv_6' <Predicate = true> <Delay = 0.00>
ST_1 : Operation 70 [1/1] (0.00ns)   --->   "%mrv_7 = insertvalue { i128, i128, i128, i128, i128, i128, i128, i128, i128, i128, i128, i128 } %mrv_6, i128 %zext_ln71_17, 7" [firmware/nnet_utils/nnet_activation.h:74]   --->   Operation 70 'insertvalue' 'mrv_7' <Predicate = true> <Delay = 0.00>
ST_1 : Operation 71 [1/1] (0.00ns)   --->   "%mrv_8 = insertvalue { i128, i128, i128, i128, i128, i128, i128, i128, i128, i128, i128, i128 } %mrv_7, i128 %zext_ln71_18, 8" [firmware/nnet_utils/nnet_activation.h:74]   --->   Operation 71 'insertvalue' 'mrv_8' <Predicate = true> <Delay = 0.00>
ST_1 : Operation 72 [1/1] (0.00ns)   --->   "%mrv_9 = insertvalue { i128, i128, i128, i128, i128, i128, i128, i128, i128, i128, i128, i128 } %mrv_8, i128 %zext_ln71_19, 9" [firmware/nnet_utils/nnet_activation.h:74]   --->   Operation 72 'insertvalue' 'mrv_9' <Predicate = true> <Delay = 0.00>
ST_1 : Operation 73 [1/1] (0.00ns)   --->   "%mrv_s = insertvalue { i128, i128, i128, i128, i128, i128, i128, i128, i128, i128, i128, i128 } %mrv_9, i128 %zext_ln71_20, 10" [firmware/nnet_utils/nnet_activation.h:74]   --->   Operation 73 'insertvalue' 'mrv_s' <Predicate = true> <Delay = 0.00>
ST_1 : Operation 74 [1/1] (0.00ns)   --->   "%mrv_10 = insertvalue { i128, i128, i128, i128, i128, i128, i128, i128, i128, i128, i128, i128 } %mrv_s, i128 %zext_ln71_21, 11" [firmware/nnet_utils/nnet_activation.h:74]   --->   Operation 74 'insertvalue' 'mrv_10' <Predicate = true> <Delay = 0.00>
ST_1 : Operation 75 [1/1] (0.00ns)   --->   "ret { i128, i128, i128, i128, i128, i128, i128, i128, i128, i128, i128, i128 } %mrv_10" [firmware/nnet_utils/nnet_activation.h:74]   --->   Operation 75 'ret' <Predicate = true> <Delay = 0.00>


============================================================
+ Verbose Summary: Binding
============================================================
STG Binding: 
---------------- STG Properties BEGIN ----------------
- Is combinational: 1
- Is one-state seq: 0
- Is datapath-only: 0
- Is pipelined: 1
- Is top level: 0
Port [ Return ] is wired: 1; IO mode=ap_ctrl_hs:ce=0
Port [ data_0_V_read]:  wired=1; compound=0; hidden=0; nouse=0; global=0; static=0; extern=0; dir=0; type=0; pingpong=0; private_global=0; IO mode=ap_none:ce=0
Port [ data_1_V_read]:  wired=1; compound=0; hidden=0; nouse=0; global=0; static=0; extern=0; dir=0; type=0; pingpong=0; private_global=0; IO mode=ap_none:ce=0
Port [ data_2_V_read]:  wired=1; compound=0; hidden=0; nouse=0; global=0; static=0; extern=0; dir=0; type=0; pingpong=0; private_global=0; IO mode=ap_none:ce=0
Port [ data_3_V_read]:  wired=1; compound=0; hidden=0; nouse=0; global=0; static=0; extern=0; dir=0; type=0; pingpong=0; private_global=0; IO mode=ap_none:ce=0
Port [ data_4_V_read]:  wired=1; compound=0; hidden=0; nouse=0; global=0; static=0; extern=0; dir=0; type=0; pingpong=0; private_global=0; IO mode=ap_none:ce=0
Port [ data_5_V_read]:  wired=1; compound=0; hidden=0; nouse=0; global=0; static=0; extern=0; dir=0; type=0; pingpong=0; private_global=0; IO mode=ap_none:ce=0
Port [ data_6_V_read]:  wired=1; compound=0; hidden=0; nouse=0; global=0; static=0; extern=0; dir=0; type=0; pingpong=0; private_global=0; IO mode=ap_none:ce=0
Port [ data_7_V_read]:  wired=1; compound=0; hidden=0; nouse=0; global=0; static=0; extern=0; dir=0; type=0; pingpong=0; private_global=0; IO mode=ap_none:ce=0
Port [ data_8_V_read]:  wired=1; compound=0; hidden=0; nouse=0; global=0; static=0; extern=0; dir=0; type=0; pingpong=0; private_global=0; IO mode=ap_none:ce=0
Port [ data_9_V_read]:  wired=1; compound=0; hidden=0; nouse=0; global=0; static=0; extern=0; dir=0; type=0; pingpong=0; private_global=0; IO mode=ap_none:ce=0
Port [ data_10_V_read]:  wired=1; compound=0; hidden=0; nouse=0; global=0; static=0; extern=0; dir=0; type=0; pingpong=0; private_global=0; IO mode=ap_none:ce=0
Port [ data_11_V_read]:  wired=1; compound=0; hidden=0; nouse=0; global=0; static=0; extern=0; dir=0; type=0; pingpong=0; private_global=0; IO mode=ap_none:ce=0
---------------- STG Properties END ------------------

---------------- Datapath Model BEGIN ----------------

<LifeTime>
<method=bitvector/>
data_11_V_read_1  (read        ) [ 00]
data_10_V_read_1  (read        ) [ 00]
data_9_V_read_1   (read        ) [ 00]
data_8_V_read_1   (read        ) [ 00]
data_7_V_read_2   (read        ) [ 00]
data_6_V_read_2   (read        ) [ 00]
data_5_V_read_2   (read        ) [ 00]
data_4_V_read_2   (read        ) [ 00]
data_3_V_read_3   (read        ) [ 00]
data_2_V_read_3   (read        ) [ 00]
data_1_V_read_3   (read        ) [ 00]
data_0_V_read_3   (read        ) [ 00]
specpipeline_ln66 (specpipeline) [ 00]
icmp_ln1494       (icmp        ) [ 01]
trunc_ln71        (trunc       ) [ 00]
select_ln71       (select      ) [ 00]
zext_ln71         (zext        ) [ 00]
icmp_ln1494_1     (icmp        ) [ 01]
trunc_ln71_11     (trunc       ) [ 00]
select_ln71_11    (select      ) [ 00]
zext_ln71_11      (zext        ) [ 00]
icmp_ln1494_2     (icmp        ) [ 01]
trunc_ln71_12     (trunc       ) [ 00]
select_ln71_12    (select      ) [ 00]
zext_ln71_12      (zext        ) [ 00]
icmp_ln1494_3     (icmp        ) [ 01]
trunc_ln71_13     (trunc       ) [ 00]
select_ln71_13    (select      ) [ 00]
zext_ln71_13      (zext        ) [ 00]
icmp_ln1494_4     (icmp        ) [ 01]
trunc_ln71_14     (trunc       ) [ 00]
select_ln71_14    (select      ) [ 00]
zext_ln71_14      (zext        ) [ 00]
icmp_ln1494_5     (icmp        ) [ 01]
trunc_ln71_15     (trunc       ) [ 00]
select_ln71_15    (select      ) [ 00]
zext_ln71_15      (zext        ) [ 00]
icmp_ln1494_6     (icmp        ) [ 01]
trunc_ln71_16     (trunc       ) [ 00]
select_ln71_16    (select      ) [ 00]
zext_ln71_16      (zext        ) [ 00]
icmp_ln1494_7     (icmp        ) [ 01]
trunc_ln71_17     (trunc       ) [ 00]
select_ln71_17    (select      ) [ 00]
zext_ln71_17      (zext        ) [ 00]
icmp_ln1494_8     (icmp        ) [ 01]
trunc_ln71_18     (trunc       ) [ 00]
select_ln71_18    (select      ) [ 00]
zext_ln71_18      (zext        ) [ 00]
icmp_ln1494_9     (icmp        ) [ 01]
trunc_ln71_19     (trunc       ) [ 00]
select_ln71_19    (select      ) [ 00]
zext_ln71_19      (zext        ) [ 00]
icmp_ln1494_10    (icmp        ) [ 01]
trunc_ln71_20     (trunc       ) [ 00]
select_ln71_20    (select      ) [ 00]
zext_ln71_20      (zext        ) [ 00]
icmp_ln1494_11    (icmp        ) [ 01]
trunc_ln71_21     (trunc       ) [ 00]
select_ln71_21    (select      ) [ 00]
zext_ln71_21      (zext        ) [ 00]
mrv               (insertvalue ) [ 00]
mrv_1             (insertvalue ) [ 00]
mrv_2             (insertvalue ) [ 00]
mrv_3             (insertvalue ) [ 00]
mrv_4             (insertvalue ) [ 00]
mrv_5             (insertvalue ) [ 00]
mrv_6             (insertvalue ) [ 00]
mrv_7             (insertvalue ) [ 00]
mrv_8             (insertvalue ) [ 00]
mrv_9             (insertvalue ) [ 00]
mrv_s             (insertvalue ) [ 00]
mrv_10            (insertvalue ) [ 00]
ret_ln74          (ret         ) [ 00]
</LifeTime>

<model>

<comp_list>
<comp id="0" class="1000" name="data_0_V_read">
<pin_list>
<pin id="1" dir="1" index="0" bw="1" slack="0"/>
</pin_list>
<bind>
<StgValue><ssdm name="data_0_V_read"/></StgValue>
</bind>
</comp>

<comp id="2" class="1000" name="data_1_V_read">
<pin_list>
<pin id="3" dir="1" index="0" bw="1" slack="0"/>
</pin_list>
<bind>
<StgValue><ssdm name="data_1_V_read"/></StgValue>
</bind>
</comp>

<comp id="4" class="1000" name="data_2_V_read">
<pin_list>
<pin id="5" dir="1" index="0" bw="1" slack="0"/>
</pin_list>
<bind>
<StgValue><ssdm name="data_2_V_read"/></StgValue>
</bind>
</comp>

<comp id="6" class="1000" name="data_3_V_read">
<pin_list>
<pin id="7" dir="1" index="0" bw="1" slack="0"/>
</pin_list>
<bind>
<StgValue><ssdm name="data_3_V_read"/></StgValue>
</bind>
</comp>

<comp id="8" class="1000" name="data_4_V_read">
<pin_list>
<pin id="9" dir="1" index="0" bw="1" slack="0"/>
</pin_list>
<bind>
<StgValue><ssdm name="data_4_V_read"/></StgValue>
</bind>
</comp>

<comp id="10" class="1000" name="data_5_V_read">
<pin_list>
<pin id="11" dir="1" index="0" bw="1" slack="0"/>
</pin_list>
<bind>
<StgValue><ssdm name="data_5_V_read"/></StgValue>
</bind>
</comp>

<comp id="12" class="1000" name="data_6_V_read">
<pin_list>
<pin id="13" dir="1" index="0" bw="1" slack="0"/>
</pin_list>
<bind>
<StgValue><ssdm name="data_6_V_read"/></StgValue>
</bind>
</comp>

<comp id="14" class="1000" name="data_7_V_read">
<pin_list>
<pin id="15" dir="1" index="0" bw="1" slack="0"/>
</pin_list>
<bind>
<StgValue><ssdm name="data_7_V_read"/></StgValue>
</bind>
</comp>

<comp id="16" class="1000" name="data_8_V_read">
<pin_list>
<pin id="17" dir="1" index="0" bw="1" slack="0"/>
</pin_list>
<bind>
<StgValue><ssdm name="data_8_V_read"/></StgValue>
</bind>
</comp>

<comp id="18" class="1000" name="data_9_V_read">
<pin_list>
<pin id="19" dir="1" index="0" bw="1" slack="0"/>
</pin_list>
<bind>
<StgValue><ssdm name="data_9_V_read"/></StgValue>
</bind>
</comp>

<comp id="20" class="1000" name="data_10_V_read">
<pin_list>
<pin id="21" dir="1" index="0" bw="1" slack="0"/>
</pin_list>
<bind>
<StgValue><ssdm name="data_10_V_read"/></StgValue>
</bind>
</comp>

<comp id="22" class="1000" name="data_11_V_read">
<pin_list>
<pin id="23" dir="1" index="0" bw="1" slack="0"/>
</pin_list>
<bind>
<StgValue><ssdm name="data_11_V_read"/></StgValue>
</bind>
</comp>

<comp id="24" class="1001" name="const_24">
<pin_list>
<pin id="25" dir="1" index="0" bw="1" slack="0"/>
</pin_list>
<bind>
<StgValue><ssdm name="_ssdm_op_Read.ap_auto.i128"/></StgValue>
</bind>
</comp>

<comp id="26" class="1001" name="const_26">
<pin_list>
<pin id="27" dir="1" index="0" bw="1" slack="2147483647"/>
</pin_list>
<bind>
<StgValue><ssdm name="_ssdm_op_SpecPipeline"/></StgValue>
</bind>
</comp>

<comp id="28" class="1001" name="const_28">
<pin_list>
<pin id="29" dir="1" index="0" bw="1" slack="2147483647"/>
</pin_list>
<bind>
<StgValue><ssdm name=""/></StgValue>
</bind>
</comp>

<comp id="30" class="1001" name="const_30">
<pin_list>
<pin id="31" dir="1" index="0" bw="1" slack="2147483647"/>
</pin_list>
<bind>
<StgValue><ssdm name=""/></StgValue>
</bind>
</comp>

<comp id="32" class="1001" name="const_32">
<pin_list>
<pin id="33" dir="1" index="0" bw="1" slack="2147483647"/>
</pin_list>
<bind>
<StgValue><ssdm name=""/></StgValue>
</bind>
</comp>

<comp id="34" class="1001" name="const_34">
<pin_list>
<pin id="35" dir="1" index="0" bw="1" slack="2147483647"/>
</pin_list>
<bind>
<StgValue><ssdm name="p_str15"/></StgValue>
</bind>
</comp>

<comp id="36" class="1001" name="const_36">
<pin_list>
<pin id="37" dir="1" index="0" bw="1" slack="0"/>
</pin_list>
<bind>
<StgValue><ssdm name=""/></StgValue>
</bind>
</comp>

<comp id="38" class="1001" name="const_38">
<pin_list>
<pin id="39" dir="1" index="0" bw="1" slack="0"/>
</pin_list>
<bind>
<StgValue><ssdm name=""/></StgValue>
</bind>
</comp>

<comp id="40" class="1001" name="const_40">
<pin_list>
<pin id="41" dir="1" index="0" bw="1" slack="0"/>
</pin_list>
<bind>
<StgValue><ssdm name=""/></StgValue>
</bind>
</comp>

<comp id="42" class="1004" name="data_11_V_read_1_read_fu_42">
<pin_list>
<pin id="43" dir="0" index="0" bw="128" slack="0"/>
<pin id="44" dir="0" index="1" bw="128" slack="0"/>
<pin id="45" dir="1" index="2" bw="128" slack="0"/>
</pin_list>
<bind>
<opcode="read(1150) " fcode="read"/>
<opset="data_11_V_read_1/1 "/>
</bind>
</comp>

<comp id="48" class="1004" name="data_10_V_read_1_read_fu_48">
<pin_list>
<pin id="49" dir="0" index="0" bw="128" slack="0"/>
<pin id="50" dir="0" index="1" bw="128" slack="0"/>
<pin id="51" dir="1" index="2" bw="128" slack="0"/>
</pin_list>
<bind>
<opcode="read(1150) " fcode="read"/>
<opset="data_10_V_read_1/1 "/>
</bind>
</comp>

<comp id="54" class="1004" name="data_9_V_read_1_read_fu_54">
<pin_list>
<pin id="55" dir="0" index="0" bw="128" slack="0"/>
<pin id="56" dir="0" index="1" bw="128" slack="0"/>
<pin id="57" dir="1" index="2" bw="128" slack="0"/>
</pin_list>
<bind>
<opcode="read(1150) " fcode="read"/>
<opset="data_9_V_read_1/1 "/>
</bind>
</comp>

<comp id="60" class="1004" name="data_8_V_read_1_read_fu_60">
<pin_list>
<pin id="61" dir="0" index="0" bw="128" slack="0"/>
<pin id="62" dir="0" index="1" bw="128" slack="0"/>
<pin id="63" dir="1" index="2" bw="128" slack="0"/>
</pin_list>
<bind>
<opcode="read(1150) " fcode="read"/>
<opset="data_8_V_read_1/1 "/>
</bind>
</comp>

<comp id="66" class="1004" name="data_7_V_read_2_read_fu_66">
<pin_list>
<pin id="67" dir="0" index="0" bw="128" slack="0"/>
<pin id="68" dir="0" index="1" bw="128" slack="0"/>
<pin id="69" dir="1" index="2" bw="128" slack="0"/>
</pin_list>
<bind>
<opcode="read(1150) " fcode="read"/>
<opset="data_7_V_read_2/1 "/>
</bind>
</comp>

<comp id="72" class="1004" name="data_6_V_read_2_read_fu_72">
<pin_list>
<pin id="73" dir="0" index="0" bw="128" slack="0"/>
<pin id="74" dir="0" index="1" bw="128" slack="0"/>
<pin id="75" dir="1" index="2" bw="128" slack="0"/>
</pin_list>
<bind>
<opcode="read(1150) " fcode="read"/>
<opset="data_6_V_read_2/1 "/>
</bind>
</comp>

<comp id="78" class="1004" name="data_5_V_read_2_read_fu_78">
<pin_list>
<pin id="79" dir="0" index="0" bw="128" slack="0"/>
<pin id="80" dir="0" index="1" bw="128" slack="0"/>
<pin id="81" dir="1" index="2" bw="128" slack="0"/>
</pin_list>
<bind>
<opcode="read(1150) " fcode="read"/>
<opset="data_5_V_read_2/1 "/>
</bind>
</comp>

<comp id="84" class="1004" name="data_4_V_read_2_read_fu_84">
<pin_list>
<pin id="85" dir="0" index="0" bw="128" slack="0"/>
<pin id="86" dir="0" index="1" bw="128" slack="0"/>
<pin id="87" dir="1" index="2" bw="128" slack="0"/>
</pin_list>
<bind>
<opcode="read(1150) " fcode="read"/>
<opset="data_4_V_read_2/1 "/>
</bind>
</comp>

<comp id="90" class="1004" name="data_3_V_read_3_read_fu_90">
<pin_list>
<pin id="91" dir="0" index="0" bw="128" slack="0"/>
<pin id="92" dir="0" index="1" bw="128" slack="0"/>
<pin id="93" dir="1" index="2" bw="128" slack="0"/>
</pin_list>
<bind>
<opcode="read(1150) " fcode="read"/>
<opset="data_3_V_read_3/1 "/>
</bind>
</comp>

<comp id="96" class="1004" name="data_2_V_read_3_read_fu_96">
<pin_list>
<pin id="97" dir="0" index="0" bw="128" slack="0"/>
<pin id="98" dir="0" index="1" bw="128" slack="0"/>
<pin id="99" dir="1" index="2" bw="128" slack="0"/>
</pin_list>
<bind>
<opcode="read(1150) " fcode="read"/>
<opset="data_2_V_read_3/1 "/>
</bind>
</comp>

<comp id="102" class="1004" name="data_1_V_read_3_read_fu_102">
<pin_list>
<pin id="103" dir="0" index="0" bw="128" slack="0"/>
<pin id="104" dir="0" index="1" bw="128" slack="0"/>
<pin id="105" dir="1" index="2" bw="128" slack="0"/>
</pin_list>
<bind>
<opcode="read(1150) " fcode="read"/>
<opset="data_1_V_read_3/1 "/>
</bind>
</comp>

<comp id="108" class="1004" name="data_0_V_read_3_read_fu_108">
<pin_list>
<pin id="109" dir="0" index="0" bw="128" slack="0"/>
<pin id="110" dir="0" index="1" bw="128" slack="0"/>
<pin id="111" dir="1" index="2" bw="128" slack="0"/>
</pin_list>
<bind>
<opcode="read(1150) " fcode="read"/>
<opset="data_0_V_read_3/1 "/>
</bind>
</comp>

<comp id="114" class="1004" name="icmp_ln1494_fu_114">
<pin_list>
<pin id="115" dir="0" index="0" bw="128" slack="0"/>
<pin id="116" dir="0" index="1" bw="128" slack="0"/>
<pin id="117" dir="1" index="2" bw="1" slack="0"/>
</pin_list>
<bind>
<opcode="icmp(45) " fcode="icmp"/>
<opset="icmp_ln1494/1 "/>
</bind>
</comp>

<comp id="120" class="1004" name="trunc_ln71_fu_120">
<pin_list>
<pin id="121" dir="0" index="0" bw="128" slack="0"/>
<pin id="122" dir="1" index="1" bw="127" slack="0"/>
</pin_list>
<bind>
<opcode="trunc(33) " fcode="trunc"/>
<opset="trunc_ln71/1 "/>
</bind>
</comp>

<comp id="124" class="1004" name="select_ln71_fu_124">
<pin_list>
<pin id="125" dir="0" index="0" bw="1" slack="0"/>
<pin id="126" dir="0" index="1" bw="127" slack="0"/>
<pin id="127" dir="0" index="2" bw="127" slack="0"/>
<pin id="128" dir="1" index="3" bw="127" slack="0"/>
</pin_list>
<bind>
<opcode="select(49) " fcode="select"/>
<opset="select_ln71/1 "/>
</bind>
</comp>

<comp id="132" class="1004" name="zext_ln71_fu_132">
<pin_list>
<pin id="133" dir="0" index="0" bw="127" slack="0"/>
<pin id="134" dir="1" index="1" bw="128" slack="0"/>
</pin_list>
<bind>
<opcode="zext(34) " fcode="zext"/>
<opset="zext_ln71/1 "/>
</bind>
</comp>

<comp id="136" class="1004" name="icmp_ln1494_1_fu_136">
<pin_list>
<pin id="137" dir="0" index="0" bw="128" slack="0"/>
<pin id="138" dir="0" index="1" bw="128" slack="0"/>
<pin id="139" dir="1" index="2" bw="1" slack="0"/>
</pin_list>
<bind>
<opcode="icmp(45) " fcode="icmp"/>
<opset="icmp_ln1494_1/1 "/>
</bind>
</comp>

<comp id="142" class="1004" name="trunc_ln71_11_fu_142">
<pin_list>
<pin id="143" dir="0" index="0" bw="128" slack="0"/>
<pin id="144" dir="1" index="1" bw="127" slack="0"/>
</pin_list>
<bind>
<opcode="trunc(33) " fcode="trunc"/>
<opset="trunc_ln71_11/1 "/>
</bind>
</comp>

<comp id="146" class="1004" name="select_ln71_11_fu_146">
<pin_list>
<pin id="147" dir="0" index="0" bw="1" slack="0"/>
<pin id="148" dir="0" index="1" bw="127" slack="0"/>
<pin id="149" dir="0" index="2" bw="127" slack="0"/>
<pin id="150" dir="1" index="3" bw="127" slack="0"/>
</pin_list>
<bind>
<opcode="select(49) " fcode="select"/>
<opset="select_ln71_11/1 "/>
</bind>
</comp>

<comp id="154" class="1004" name="zext_ln71_11_fu_154">
<pin_list>
<pin id="155" dir="0" index="0" bw="127" slack="0"/>
<pin id="156" dir="1" index="1" bw="128" slack="0"/>
</pin_list>
<bind>
<opcode="zext(34) " fcode="zext"/>
<opset="zext_ln71_11/1 "/>
</bind>
</comp>

<comp id="158" class="1004" name="icmp_ln1494_2_fu_158">
<pin_list>
<pin id="159" dir="0" index="0" bw="128" slack="0"/>
<pin id="160" dir="0" index="1" bw="128" slack="0"/>
<pin id="161" dir="1" index="2" bw="1" slack="0"/>
</pin_list>
<bind>
<opcode="icmp(45) " fcode="icmp"/>
<opset="icmp_ln1494_2/1 "/>
</bind>
</comp>

<comp id="164" class="1004" name="trunc_ln71_12_fu_164">
<pin_list>
<pin id="165" dir="0" index="0" bw="128" slack="0"/>
<pin id="166" dir="1" index="1" bw="127" slack="0"/>
</pin_list>
<bind>
<opcode="trunc(33) " fcode="trunc"/>
<opset="trunc_ln71_12/1 "/>
</bind>
</comp>

<comp id="168" class="1004" name="select_ln71_12_fu_168">
<pin_list>
<pin id="169" dir="0" index="0" bw="1" slack="0"/>
<pin id="170" dir="0" index="1" bw="127" slack="0"/>
<pin id="171" dir="0" index="2" bw="127" slack="0"/>
<pin id="172" dir="1" index="3" bw="127" slack="0"/>
</pin_list>
<bind>
<opcode="select(49) " fcode="select"/>
<opset="select_ln71_12/1 "/>
</bind>
</comp>

<comp id="176" class="1004" name="zext_ln71_12_fu_176">
<pin_list>
<pin id="177" dir="0" index="0" bw="127" slack="0"/>
<pin id="178" dir="1" index="1" bw="128" slack="0"/>
</pin_list>
<bind>
<opcode="zext(34) " fcode="zext"/>
<opset="zext_ln71_12/1 "/>
</bind>
</comp>

<comp id="180" class="1004" name="icmp_ln1494_3_fu_180">
<pin_list>
<pin id="181" dir="0" index="0" bw="128" slack="0"/>
<pin id="182" dir="0" index="1" bw="128" slack="0"/>
<pin id="183" dir="1" index="2" bw="1" slack="0"/>
</pin_list>
<bind>
<opcode="icmp(45) " fcode="icmp"/>
<opset="icmp_ln1494_3/1 "/>
</bind>
</comp>

<comp id="186" class="1004" name="trunc_ln71_13_fu_186">
<pin_list>
<pin id="187" dir="0" index="0" bw="128" slack="0"/>
<pin id="188" dir="1" index="1" bw="127" slack="0"/>
</pin_list>
<bind>
<opcode="trunc(33) " fcode="trunc"/>
<opset="trunc_ln71_13/1 "/>
</bind>
</comp>

<comp id="190" class="1004" name="select_ln71_13_fu_190">
<pin_list>
<pin id="191" dir="0" index="0" bw="1" slack="0"/>
<pin id="192" dir="0" index="1" bw="127" slack="0"/>
<pin id="193" dir="0" index="2" bw="127" slack="0"/>
<pin id="194" dir="1" index="3" bw="127" slack="0"/>
</pin_list>
<bind>
<opcode="select(49) " fcode="select"/>
<opset="select_ln71_13/1 "/>
</bind>
</comp>

<comp id="198" class="1004" name="zext_ln71_13_fu_198">
<pin_list>
<pin id="199" dir="0" index="0" bw="127" slack="0"/>
<pin id="200" dir="1" index="1" bw="128" slack="0"/>
</pin_list>
<bind>
<opcode="zext(34) " fcode="zext"/>
<opset="zext_ln71_13/1 "/>
</bind>
</comp>

<comp id="202" class="1004" name="icmp_ln1494_4_fu_202">
<pin_list>
<pin id="203" dir="0" index="0" bw="128" slack="0"/>
<pin id="204" dir="0" index="1" bw="128" slack="0"/>
<pin id="205" dir="1" index="2" bw="1" slack="0"/>
</pin_list>
<bind>
<opcode="icmp(45) " fcode="icmp"/>
<opset="icmp_ln1494_4/1 "/>
</bind>
</comp>

<comp id="208" class="1004" name="trunc_ln71_14_fu_208">
<pin_list>
<pin id="209" dir="0" index="0" bw="128" slack="0"/>
<pin id="210" dir="1" index="1" bw="127" slack="0"/>
</pin_list>
<bind>
<opcode="trunc(33) " fcode="trunc"/>
<opset="trunc_ln71_14/1 "/>
</bind>
</comp>

<comp id="212" class="1004" name="select_ln71_14_fu_212">
<pin_list>
<pin id="213" dir="0" index="0" bw="1" slack="0"/>
<pin id="214" dir="0" index="1" bw="127" slack="0"/>
<pin id="215" dir="0" index="2" bw="127" slack="0"/>
<pin id="216" dir="1" index="3" bw="127" slack="0"/>
</pin_list>
<bind>
<opcode="select(49) " fcode="select"/>
<opset="select_ln71_14/1 "/>
</bind>
</comp>

<comp id="220" class="1004" name="zext_ln71_14_fu_220">
<pin_list>
<pin id="221" dir="0" index="0" bw="127" slack="0"/>
<pin id="222" dir="1" index="1" bw="128" slack="0"/>
</pin_list>
<bind>
<opcode="zext(34) " fcode="zext"/>
<opset="zext_ln71_14/1 "/>
</bind>
</comp>

<comp id="224" class="1004" name="icmp_ln1494_5_fu_224">
<pin_list>
<pin id="225" dir="0" index="0" bw="128" slack="0"/>
<pin id="226" dir="0" index="1" bw="128" slack="0"/>
<pin id="227" dir="1" index="2" bw="1" slack="0"/>
</pin_list>
<bind>
<opcode="icmp(45) " fcode="icmp"/>
<opset="icmp_ln1494_5/1 "/>
</bind>
</comp>

<comp id="230" class="1004" name="trunc_ln71_15_fu_230">
<pin_list>
<pin id="231" dir="0" index="0" bw="128" slack="0"/>
<pin id="232" dir="1" index="1" bw="127" slack="0"/>
</pin_list>
<bind>
<opcode="trunc(33) " fcode="trunc"/>
<opset="trunc_ln71_15/1 "/>
</bind>
</comp>

<comp id="234" class="1004" name="select_ln71_15_fu_234">
<pin_list>
<pin id="235" dir="0" index="0" bw="1" slack="0"/>
<pin id="236" dir="0" index="1" bw="127" slack="0"/>
<pin id="237" dir="0" index="2" bw="127" slack="0"/>
<pin id="238" dir="1" index="3" bw="127" slack="0"/>
</pin_list>
<bind>
<opcode="select(49) " fcode="select"/>
<opset="select_ln71_15/1 "/>
</bind>
</comp>

<comp id="242" class="1004" name="zext_ln71_15_fu_242">
<pin_list>
<pin id="243" dir="0" index="0" bw="127" slack="0"/>
<pin id="244" dir="1" index="1" bw="128" slack="0"/>
</pin_list>
<bind>
<opcode="zext(34) " fcode="zext"/>
<opset="zext_ln71_15/1 "/>
</bind>
</comp>

<comp id="246" class="1004" name="icmp_ln1494_6_fu_246">
<pin_list>
<pin id="247" dir="0" index="0" bw="128" slack="0"/>
<pin id="248" dir="0" index="1" bw="128" slack="0"/>
<pin id="249" dir="1" index="2" bw="1" slack="0"/>
</pin_list>
<bind>
<opcode="icmp(45) " fcode="icmp"/>
<opset="icmp_ln1494_6/1 "/>
</bind>
</comp>

<comp id="252" class="1004" name="trunc_ln71_16_fu_252">
<pin_list>
<pin id="253" dir="0" index="0" bw="128" slack="0"/>
<pin id="254" dir="1" index="1" bw="127" slack="0"/>
</pin_list>
<bind>
<opcode="trunc(33) " fcode="trunc"/>
<opset="trunc_ln71_16/1 "/>
</bind>
</comp>

<comp id="256" class="1004" name="select_ln71_16_fu_256">
<pin_list>
<pin id="257" dir="0" index="0" bw="1" slack="0"/>
<pin id="258" dir="0" index="1" bw="127" slack="0"/>
<pin id="259" dir="0" index="2" bw="127" slack="0"/>
<pin id="260" dir="1" index="3" bw="127" slack="0"/>
</pin_list>
<bind>
<opcode="select(49) " fcode="select"/>
<opset="select_ln71_16/1 "/>
</bind>
</comp>

<comp id="264" class="1004" name="zext_ln71_16_fu_264">
<pin_list>
<pin id="265" dir="0" index="0" bw="127" slack="0"/>
<pin id="266" dir="1" index="1" bw="128" slack="0"/>
</pin_list>
<bind>
<opcode="zext(34) " fcode="zext"/>
<opset="zext_ln71_16/1 "/>
</bind>
</comp>

<comp id="268" class="1004" name="icmp_ln1494_7_fu_268">
<pin_list>
<pin id="269" dir="0" index="0" bw="128" slack="0"/>
<pin id="270" dir="0" index="1" bw="128" slack="0"/>
<pin id="271" dir="1" index="2" bw="1" slack="0"/>
</pin_list>
<bind>
<opcode="icmp(45) " fcode="icmp"/>
<opset="icmp_ln1494_7/1 "/>
</bind>
</comp>

<comp id="274" class="1004" name="trunc_ln71_17_fu_274">
<pin_list>
<pin id="275" dir="0" index="0" bw="128" slack="0"/>
<pin id="276" dir="1" index="1" bw="127" slack="0"/>
</pin_list>
<bind>
<opcode="trunc(33) " fcode="trunc"/>
<opset="trunc_ln71_17/1 "/>
</bind>
</comp>

<comp id="278" class="1004" name="select_ln71_17_fu_278">
<pin_list>
<pin id="279" dir="0" index="0" bw="1" slack="0"/>
<pin id="280" dir="0" index="1" bw="127" slack="0"/>
<pin id="281" dir="0" index="2" bw="127" slack="0"/>
<pin id="282" dir="1" index="3" bw="127" slack="0"/>
</pin_list>
<bind>
<opcode="select(49) " fcode="select"/>
<opset="select_ln71_17/1 "/>
</bind>
</comp>

<comp id="286" class="1004" name="zext_ln71_17_fu_286">
<pin_list>
<pin id="287" dir="0" index="0" bw="127" slack="0"/>
<pin id="288" dir="1" index="1" bw="128" slack="0"/>
</pin_list>
<bind>
<opcode="zext(34) " fcode="zext"/>
<opset="zext_ln71_17/1 "/>
</bind>
</comp>

<comp id="290" class="1004" name="icmp_ln1494_8_fu_290">
<pin_list>
<pin id="291" dir="0" index="0" bw="128" slack="0"/>
<pin id="292" dir="0" index="1" bw="128" slack="0"/>
<pin id="293" dir="1" index="2" bw="1" slack="0"/>
</pin_list>
<bind>
<opcode="icmp(45) " fcode="icmp"/>
<opset="icmp_ln1494_8/1 "/>
</bind>
</comp>

<comp id="296" class="1004" name="trunc_ln71_18_fu_296">
<pin_list>
<pin id="297" dir="0" index="0" bw="128" slack="0"/>
<pin id="298" dir="1" index="1" bw="127" slack="0"/>
</pin_list>
<bind>
<opcode="trunc(33) " fcode="trunc"/>
<opset="trunc_ln71_18/1 "/>
</bind>
</comp>

<comp id="300" class="1004" name="select_ln71_18_fu_300">
<pin_list>
<pin id="301" dir="0" index="0" bw="1" slack="0"/>
<pin id="302" dir="0" index="1" bw="127" slack="0"/>
<pin id="303" dir="0" index="2" bw="127" slack="0"/>
<pin id="304" dir="1" index="3" bw="127" slack="0"/>
</pin_list>
<bind>
<opcode="select(49) " fcode="select"/>
<opset="select_ln71_18/1 "/>
</bind>
</comp>

<comp id="308" class="1004" name="zext_ln71_18_fu_308">
<pin_list>
<pin id="309" dir="0" index="0" bw="127" slack="0"/>
<pin id="310" dir="1" index="1" bw="128" slack="0"/>
</pin_list>
<bind>
<opcode="zext(34) " fcode="zext"/>
<opset="zext_ln71_18/1 "/>
</bind>
</comp>

<comp id="312" class="1004" name="icmp_ln1494_9_fu_312">
<pin_list>
<pin id="313" dir="0" index="0" bw="128" slack="0"/>
<pin id="314" dir="0" index="1" bw="128" slack="0"/>
<pin id="315" dir="1" index="2" bw="1" slack="0"/>
</pin_list>
<bind>
<opcode="icmp(45) " fcode="icmp"/>
<opset="icmp_ln1494_9/1 "/>
</bind>
</comp>

<comp id="318" class="1004" name="trunc_ln71_19_fu_318">
<pin_list>
<pin id="319" dir="0" index="0" bw="128" slack="0"/>
<pin id="320" dir="1" index="1" bw="127" slack="0"/>
</pin_list>
<bind>
<opcode="trunc(33) " fcode="trunc"/>
<opset="trunc_ln71_19/1 "/>
</bind>
</comp>

<comp id="322" class="1004" name="select_ln71_19_fu_322">
<pin_list>
<pin id="323" dir="0" index="0" bw="1" slack="0"/>
<pin id="324" dir="0" index="1" bw="127" slack="0"/>
<pin id="325" dir="0" index="2" bw="127" slack="0"/>
<pin id="326" dir="1" index="3" bw="127" slack="0"/>
</pin_list>
<bind>
<opcode="select(49) " fcode="select"/>
<opset="select_ln71_19/1 "/>
</bind>
</comp>

<comp id="330" class="1004" name="zext_ln71_19_fu_330">
<pin_list>
<pin id="331" dir="0" index="0" bw="127" slack="0"/>
<pin id="332" dir="1" index="1" bw="128" slack="0"/>
</pin_list>
<bind>
<opcode="zext(34) " fcode="zext"/>
<opset="zext_ln71_19/1 "/>
</bind>
</comp>

<comp id="334" class="1004" name="icmp_ln1494_10_fu_334">
<pin_list>
<pin id="335" dir="0" index="0" bw="128" slack="0"/>
<pin id="336" dir="0" index="1" bw="128" slack="0"/>
<pin id="337" dir="1" index="2" bw="1" slack="0"/>
</pin_list>
<bind>
<opcode="icmp(45) " fcode="icmp"/>
<opset="icmp_ln1494_10/1 "/>
</bind>
</comp>

<comp id="340" class="1004" name="trunc_ln71_20_fu_340">
<pin_list>
<pin id="341" dir="0" index="0" bw="128" slack="0"/>
<pin id="342" dir="1" index="1" bw="127" slack="0"/>
</pin_list>
<bind>
<opcode="trunc(33) " fcode="trunc"/>
<opset="trunc_ln71_20/1 "/>
</bind>
</comp>

<comp id="344" class="1004" name="select_ln71_20_fu_344">
<pin_list>
<pin id="345" dir="0" index="0" bw="1" slack="0"/>
<pin id="346" dir="0" index="1" bw="127" slack="0"/>
<pin id="347" dir="0" index="2" bw="127" slack="0"/>
<pin id="348" dir="1" index="3" bw="127" slack="0"/>
</pin_list>
<bind>
<opcode="select(49) " fcode="select"/>
<opset="select_ln71_20/1 "/>
</bind>
</comp>

<comp id="352" class="1004" name="zext_ln71_20_fu_352">
<pin_list>
<pin id="353" dir="0" index="0" bw="127" slack="0"/>
<pin id="354" dir="1" index="1" bw="128" slack="0"/>
</pin_list>
<bind>
<opcode="zext(34) " fcode="zext"/>
<opset="zext_ln71_20/1 "/>
</bind>
</comp>

<comp id="356" class="1004" name="icmp_ln1494_11_fu_356">
<pin_list>
<pin id="357" dir="0" index="0" bw="128" slack="0"/>
<pin id="358" dir="0" index="1" bw="128" slack="0"/>
<pin id="359" dir="1" index="2" bw="1" slack="0"/>
</pin_list>
<bind>
<opcode="icmp(45) " fcode="icmp"/>
<opset="icmp_ln1494_11/1 "/>
</bind>
</comp>

<comp id="362" class="1004" name="trunc_ln71_21_fu_362">
<pin_list>
<pin id="363" dir="0" index="0" bw="128" slack="0"/>
<pin id="364" dir="1" index="1" bw="127" slack="0"/>
</pin_list>
<bind>
<opcode="trunc(33) " fcode="trunc"/>
<opset="trunc_ln71_21/1 "/>
</bind>
</comp>

<comp id="366" class="1004" name="select_ln71_21_fu_366">
<pin_list>
<pin id="367" dir="0" index="0" bw="1" slack="0"/>
<pin id="368" dir="0" index="1" bw="127" slack="0"/>
<pin id="369" dir="0" index="2" bw="127" slack="0"/>
<pin id="370" dir="1" index="3" bw="127" slack="0"/>
</pin_list>
<bind>
<opcode="select(49) " fcode="select"/>
<opset="select_ln71_21/1 "/>
</bind>
</comp>

<comp id="374" class="1004" name="zext_ln71_21_fu_374">
<pin_list>
<pin id="375" dir="0" index="0" bw="127" slack="0"/>
<pin id="376" dir="1" index="1" bw="128" slack="0"/>
</pin_list>
<bind>
<opcode="zext(34) " fcode="zext"/>
<opset="zext_ln71_21/1 "/>
</bind>
</comp>

<comp id="378" class="1004" name="mrv_fu_378">
<pin_list>
<pin id="379" dir="0" index="0" bw="1536" slack="0"/>
<pin id="380" dir="0" index="1" bw="127" slack="0"/>
<pin id="381" dir="1" index="2" bw="1536" slack="0"/>
</pin_list>
<bind>
<opcode="insertvalue(57) " fcode="insertvalue"/>
<opset="mrv/1 "/>
</bind>
</comp>

<comp id="384" class="1004" name="mrv_1_fu_384">
<pin_list>
<pin id="385" dir="0" index="0" bw="1536" slack="0"/>
<pin id="386" dir="0" index="1" bw="127" slack="0"/>
<pin id="387" dir="1" index="2" bw="1536" slack="0"/>
</pin_list>
<bind>
<opcode="insertvalue(57) " fcode="insertvalue"/>
<opset="mrv_1/1 "/>
</bind>
</comp>

<comp id="390" class="1004" name="mrv_2_fu_390">
<pin_list>
<pin id="391" dir="0" index="0" bw="1536" slack="0"/>
<pin id="392" dir="0" index="1" bw="127" slack="0"/>
<pin id="393" dir="1" index="2" bw="1536" slack="0"/>
</pin_list>
<bind>
<opcode="insertvalue(57) " fcode="insertvalue"/>
<opset="mrv_2/1 "/>
</bind>
</comp>

<comp id="396" class="1004" name="mrv_3_fu_396">
<pin_list>
<pin id="397" dir="0" index="0" bw="1536" slack="0"/>
<pin id="398" dir="0" index="1" bw="127" slack="0"/>
<pin id="399" dir="1" index="2" bw="1536" slack="0"/>
</pin_list>
<bind>
<opcode="insertvalue(57) " fcode="insertvalue"/>
<opset="mrv_3/1 "/>
</bind>
</comp>

<comp id="402" class="1004" name="mrv_4_fu_402">
<pin_list>
<pin id="403" dir="0" index="0" bw="1536" slack="0"/>
<pin id="404" dir="0" index="1" bw="127" slack="0"/>
<pin id="405" dir="1" index="2" bw="1536" slack="0"/>
</pin_list>
<bind>
<opcode="insertvalue(57) " fcode="insertvalue"/>
<opset="mrv_4/1 "/>
</bind>
</comp>

<comp id="408" class="1004" name="mrv_5_fu_408">
<pin_list>
<pin id="409" dir="0" index="0" bw="1536" slack="0"/>
<pin id="410" dir="0" index="1" bw="127" slack="0"/>
<pin id="411" dir="1" index="2" bw="1536" slack="0"/>
</pin_list>
<bind>
<opcode="insertvalue(57) " fcode="insertvalue"/>
<opset="mrv_5/1 "/>
</bind>
</comp>

<comp id="414" class="1004" name="mrv_6_fu_414">
<pin_list>
<pin id="415" dir="0" index="0" bw="1536" slack="0"/>
<pin id="416" dir="0" index="1" bw="127" slack="0"/>
<pin id="417" dir="1" index="2" bw="1536" slack="0"/>
</pin_list>
<bind>
<opcode="insertvalue(57) " fcode="insertvalue"/>
<opset="mrv_6/1 "/>
</bind>
</comp>

<comp id="420" class="1004" name="mrv_7_fu_420">
<pin_list>
<pin id="421" dir="0" index="0" bw="1536" slack="0"/>
<pin id="422" dir="0" index="1" bw="127" slack="0"/>
<pin id="423" dir="1" index="2" bw="1536" slack="0"/>
</pin_list>
<bind>
<opcode="insertvalue(57) " fcode="insertvalue"/>
<opset="mrv_7/1 "/>
</bind>
</comp>

<comp id="426" class="1004" name="mrv_8_fu_426">
<pin_list>
<pin id="427" dir="0" index="0" bw="1536" slack="0"/>
<pin id="428" dir="0" index="1" bw="127" slack="0"/>
<pin id="429" dir="1" index="2" bw="1536" slack="0"/>
</pin_list>
<bind>
<opcode="insertvalue(57) " fcode="insertvalue"/>
<opset="mrv_8/1 "/>
</bind>
</comp>

<comp id="432" class="1004" name="mrv_9_fu_432">
<pin_list>
<pin id="433" dir="0" index="0" bw="1536" slack="0"/>
<pin id="434" dir="0" index="1" bw="127" slack="0"/>
<pin id="435" dir="1" index="2" bw="1536" slack="0"/>
</pin_list>
<bind>
<opcode="insertvalue(57) " fcode="insertvalue"/>
<opset="mrv_9/1 "/>
</bind>
</comp>

<comp id="438" class="1004" name="mrv_s_fu_438">
<pin_list>
<pin id="439" dir="0" index="0" bw="1536" slack="0"/>
<pin id="440" dir="0" index="1" bw="127" slack="0"/>
<pin id="441" dir="1" index="2" bw="1536" slack="0"/>
</pin_list>
<bind>
<opcode="insertvalue(57) " fcode="insertvalue"/>
<opset="mrv_s/1 "/>
</bind>
</comp>

<comp id="444" class="1004" name="mrv_10_fu_444">
<pin_list>
<pin id="445" dir="0" index="0" bw="1536" slack="0"/>
<pin id="446" dir="0" index="1" bw="127" slack="0"/>
<pin id="447" dir="1" index="2" bw="1536" slack="2147483647"/>
</pin_list>
<bind>
<opcode="insertvalue(57) " fcode="insertvalue"/>
<opset="mrv_10/1 "/>
</bind>
</comp>

</comp_list>

<net_list>
<net id="46"><net_src comp="24" pin="0"/><net_sink comp="42" pin=0"/></net>

<net id="47"><net_src comp="22" pin="0"/><net_sink comp="42" pin=1"/></net>

<net id="52"><net_src comp="24" pin="0"/><net_sink comp="48" pin=0"/></net>

<net id="53"><net_src comp="20" pin="0"/><net_sink comp="48" pin=1"/></net>

<net id="58"><net_src comp="24" pin="0"/><net_sink comp="54" pin=0"/></net>

<net id="59"><net_src comp="18" pin="0"/><net_sink comp="54" pin=1"/></net>

<net id="64"><net_src comp="24" pin="0"/><net_sink comp="60" pin=0"/></net>

<net id="65"><net_src comp="16" pin="0"/><net_sink comp="60" pin=1"/></net>

<net id="70"><net_src comp="24" pin="0"/><net_sink comp="66" pin=0"/></net>

<net id="71"><net_src comp="14" pin="0"/><net_sink comp="66" pin=1"/></net>

<net id="76"><net_src comp="24" pin="0"/><net_sink comp="72" pin=0"/></net>

<net id="77"><net_src comp="12" pin="0"/><net_sink comp="72" pin=1"/></net>

<net id="82"><net_src comp="24" pin="0"/><net_sink comp="78" pin=0"/></net>

<net id="83"><net_src comp="10" pin="0"/><net_sink comp="78" pin=1"/></net>

<net id="88"><net_src comp="24" pin="0"/><net_sink comp="84" pin=0"/></net>

<net id="89"><net_src comp="8" pin="0"/><net_sink comp="84" pin=1"/></net>

<net id="94"><net_src comp="24" pin="0"/><net_sink comp="90" pin=0"/></net>

<net id="95"><net_src comp="6" pin="0"/><net_sink comp="90" pin=1"/></net>

<net id="100"><net_src comp="24" pin="0"/><net_sink comp="96" pin=0"/></net>

<net id="101"><net_src comp="4" pin="0"/><net_sink comp="96" pin=1"/></net>

<net id="106"><net_src comp="24" pin="0"/><net_sink comp="102" pin=0"/></net>

<net id="107"><net_src comp="2" pin="0"/><net_sink comp="102" pin=1"/></net>

<net id="112"><net_src comp="24" pin="0"/><net_sink comp="108" pin=0"/></net>

<net id="113"><net_src comp="0" pin="0"/><net_sink comp="108" pin=1"/></net>

<net id="118"><net_src comp="108" pin="2"/><net_sink comp="114" pin=0"/></net>

<net id="119"><net_src comp="36" pin="0"/><net_sink comp="114" pin=1"/></net>

<net id="123"><net_src comp="108" pin="2"/><net_sink comp="120" pin=0"/></net>

<net id="129"><net_src comp="114" pin="2"/><net_sink comp="124" pin=0"/></net>

<net id="130"><net_src comp="120" pin="1"/><net_sink comp="124" pin=1"/></net>

<net id="131"><net_src comp="38" pin="0"/><net_sink comp="124" pin=2"/></net>

<net id="135"><net_src comp="124" pin="3"/><net_sink comp="132" pin=0"/></net>

<net id="140"><net_src comp="102" pin="2"/><net_sink comp="136" pin=0"/></net>

<net id="141"><net_src comp="36" pin="0"/><net_sink comp="136" pin=1"/></net>

<net id="145"><net_src comp="102" pin="2"/><net_sink comp="142" pin=0"/></net>

<net id="151"><net_src comp="136" pin="2"/><net_sink comp="146" pin=0"/></net>

<net id="152"><net_src comp="142" pin="1"/><net_sink comp="146" pin=1"/></net>

<net id="153"><net_src comp="38" pin="0"/><net_sink comp="146" pin=2"/></net>

<net id="157"><net_src comp="146" pin="3"/><net_sink comp="154" pin=0"/></net>

<net id="162"><net_src comp="96" pin="2"/><net_sink comp="158" pin=0"/></net>

<net id="163"><net_src comp="36" pin="0"/><net_sink comp="158" pin=1"/></net>

<net id="167"><net_src comp="96" pin="2"/><net_sink comp="164" pin=0"/></net>

<net id="173"><net_src comp="158" pin="2"/><net_sink comp="168" pin=0"/></net>

<net id="174"><net_src comp="164" pin="1"/><net_sink comp="168" pin=1"/></net>

<net id="175"><net_src comp="38" pin="0"/><net_sink comp="168" pin=2"/></net>

<net id="179"><net_src comp="168" pin="3"/><net_sink comp="176" pin=0"/></net>

<net id="184"><net_src comp="90" pin="2"/><net_sink comp="180" pin=0"/></net>

<net id="185"><net_src comp="36" pin="0"/><net_sink comp="180" pin=1"/></net>

<net id="189"><net_src comp="90" pin="2"/><net_sink comp="186" pin=0"/></net>

<net id="195"><net_src comp="180" pin="2"/><net_sink comp="190" pin=0"/></net>

<net id="196"><net_src comp="186" pin="1"/><net_sink comp="190" pin=1"/></net>

<net id="197"><net_src comp="38" pin="0"/><net_sink comp="190" pin=2"/></net>

<net id="201"><net_src comp="190" pin="3"/><net_sink comp="198" pin=0"/></net>

<net id="206"><net_src comp="84" pin="2"/><net_sink comp="202" pin=0"/></net>

<net id="207"><net_src comp="36" pin="0"/><net_sink comp="202" pin=1"/></net>

<net id="211"><net_src comp="84" pin="2"/><net_sink comp="208" pin=0"/></net>

<net id="217"><net_src comp="202" pin="2"/><net_sink comp="212" pin=0"/></net>

<net id="218"><net_src comp="208" pin="1"/><net_sink comp="212" pin=1"/></net>

<net id="219"><net_src comp="38" pin="0"/><net_sink comp="212" pin=2"/></net>

<net id="223"><net_src comp="212" pin="3"/><net_sink comp="220" pin=0"/></net>

<net id="228"><net_src comp="78" pin="2"/><net_sink comp="224" pin=0"/></net>

<net id="229"><net_src comp="36" pin="0"/><net_sink comp="224" pin=1"/></net>

<net id="233"><net_src comp="78" pin="2"/><net_sink comp="230" pin=0"/></net>

<net id="239"><net_src comp="224" pin="2"/><net_sink comp="234" pin=0"/></net>

<net id="240"><net_src comp="230" pin="1"/><net_sink comp="234" pin=1"/></net>

<net id="241"><net_src comp="38" pin="0"/><net_sink comp="234" pin=2"/></net>

<net id="245"><net_src comp="234" pin="3"/><net_sink comp="242" pin=0"/></net>

<net id="250"><net_src comp="72" pin="2"/><net_sink comp="246" pin=0"/></net>

<net id="251"><net_src comp="36" pin="0"/><net_sink comp="246" pin=1"/></net>

<net id="255"><net_src comp="72" pin="2"/><net_sink comp="252" pin=0"/></net>

<net id="261"><net_src comp="246" pin="2"/><net_sink comp="256" pin=0"/></net>

<net id="262"><net_src comp="252" pin="1"/><net_sink comp="256" pin=1"/></net>

<net id="263"><net_src comp="38" pin="0"/><net_sink comp="256" pin=2"/></net>

<net id="267"><net_src comp="256" pin="3"/><net_sink comp="264" pin=0"/></net>

<net id="272"><net_src comp="66" pin="2"/><net_sink comp="268" pin=0"/></net>

<net id="273"><net_src comp="36" pin="0"/><net_sink comp="268" pin=1"/></net>

<net id="277"><net_src comp="66" pin="2"/><net_sink comp="274" pin=0"/></net>

<net id="283"><net_src comp="268" pin="2"/><net_sink comp="278" pin=0"/></net>

<net id="284"><net_src comp="274" pin="1"/><net_sink comp="278" pin=1"/></net>

<net id="285"><net_src comp="38" pin="0"/><net_sink comp="278" pin=2"/></net>

<net id="289"><net_src comp="278" pin="3"/><net_sink comp="286" pin=0"/></net>

<net id="294"><net_src comp="60" pin="2"/><net_sink comp="290" pin=0"/></net>

<net id="295"><net_src comp="36" pin="0"/><net_sink comp="290" pin=1"/></net>

<net id="299"><net_src comp="60" pin="2"/><net_sink comp="296" pin=0"/></net>

<net id="305"><net_src comp="290" pin="2"/><net_sink comp="300" pin=0"/></net>

<net id="306"><net_src comp="296" pin="1"/><net_sink comp="300" pin=1"/></net>

<net id="307"><net_src comp="38" pin="0"/><net_sink comp="300" pin=2"/></net>

<net id="311"><net_src comp="300" pin="3"/><net_sink comp="308" pin=0"/></net>

<net id="316"><net_src comp="54" pin="2"/><net_sink comp="312" pin=0"/></net>

<net id="317"><net_src comp="36" pin="0"/><net_sink comp="312" pin=1"/></net>

<net id="321"><net_src comp="54" pin="2"/><net_sink comp="318" pin=0"/></net>

<net id="327"><net_src comp="312" pin="2"/><net_sink comp="322" pin=0"/></net>

<net id="328"><net_src comp="318" pin="1"/><net_sink comp="322" pin=1"/></net>

<net id="329"><net_src comp="38" pin="0"/><net_sink comp="322" pin=2"/></net>

<net id="333"><net_src comp="322" pin="3"/><net_sink comp="330" pin=0"/></net>

<net id="338"><net_src comp="48" pin="2"/><net_sink comp="334" pin=0"/></net>

<net id="339"><net_src comp="36" pin="0"/><net_sink comp="334" pin=1"/></net>

<net id="343"><net_src comp="48" pin="2"/><net_sink comp="340" pin=0"/></net>

<net id="349"><net_src comp="334" pin="2"/><net_sink comp="344" pin=0"/></net>

<net id="350"><net_src comp="340" pin="1"/><net_sink comp="344" pin=1"/></net>

<net id="351"><net_src comp="38" pin="0"/><net_sink comp="344" pin=2"/></net>

<net id="355"><net_src comp="344" pin="3"/><net_sink comp="352" pin=0"/></net>

<net id="360"><net_src comp="42" pin="2"/><net_sink comp="356" pin=0"/></net>

<net id="361"><net_src comp="36" pin="0"/><net_sink comp="356" pin=1"/></net>

<net id="365"><net_src comp="42" pin="2"/><net_sink comp="362" pin=0"/></net>

<net id="371"><net_src comp="356" pin="2"/><net_sink comp="366" pin=0"/></net>

<net id="372"><net_src comp="362" pin="1"/><net_sink comp="366" pin=1"/></net>

<net id="373"><net_src comp="38" pin="0"/><net_sink comp="366" pin=2"/></net>

<net id="377"><net_src comp="366" pin="3"/><net_sink comp="374" pin=0"/></net>

<net id="382"><net_src comp="40" pin="0"/><net_sink comp="378" pin=0"/></net>

<net id="383"><net_src comp="132" pin="1"/><net_sink comp="378" pin=1"/></net>

<net id="388"><net_src comp="378" pin="2"/><net_sink comp="384" pin=0"/></net>

<net id="389"><net_src comp="154" pin="1"/><net_sink comp="384" pin=1"/></net>

<net id="394"><net_src comp="384" pin="2"/><net_sink comp="390" pin=0"/></net>

<net id="395"><net_src comp="176" pin="1"/><net_sink comp="390" pin=1"/></net>

<net id="400"><net_src comp="390" pin="2"/><net_sink comp="396" pin=0"/></net>

<net id="401"><net_src comp="198" pin="1"/><net_sink comp="396" pin=1"/></net>

<net id="406"><net_src comp="396" pin="2"/><net_sink comp="402" pin=0"/></net>

<net id="407"><net_src comp="220" pin="1"/><net_sink comp="402" pin=1"/></net>

<net id="412"><net_src comp="402" pin="2"/><net_sink comp="408" pin=0"/></net>

<net id="413"><net_src comp="242" pin="1"/><net_sink comp="408" pin=1"/></net>

<net id="418"><net_src comp="408" pin="2"/><net_sink comp="414" pin=0"/></net>

<net id="419"><net_src comp="264" pin="1"/><net_sink comp="414" pin=1"/></net>

<net id="424"><net_src comp="414" pin="2"/><net_sink comp="420" pin=0"/></net>

<net id="425"><net_src comp="286" pin="1"/><net_sink comp="420" pin=1"/></net>

<net id="430"><net_src comp="420" pin="2"/><net_sink comp="426" pin=0"/></net>

<net id="431"><net_src comp="308" pin="1"/><net_sink comp="426" pin=1"/></net>

<net id="436"><net_src comp="426" pin="2"/><net_sink comp="432" pin=0"/></net>

<net id="437"><net_src comp="330" pin="1"/><net_sink comp="432" pin=1"/></net>

<net id="442"><net_src comp="432" pin="2"/><net_sink comp="438" pin=0"/></net>

<net id="443"><net_src comp="352" pin="1"/><net_sink comp="438" pin=1"/></net>

<net id="448"><net_src comp="438" pin="2"/><net_sink comp="444" pin=0"/></net>

<net id="449"><net_src comp="374" pin="1"/><net_sink comp="444" pin=1"/></net>

</net_list>

</model> 
---------------- Datapath Model END ------------------

* FSMD analyzer results:
  - Output states:
 - Input state : 
	Port: relu<ap_fixed,ap_ufixed<128,16,5,3,0>,relu_config19> : data_0_V_read | {1 }
	Port: relu<ap_fixed,ap_ufixed<128,16,5,3,0>,relu_config19> : data_1_V_read | {1 }
	Port: relu<ap_fixed,ap_ufixed<128,16,5,3,0>,relu_config19> : data_2_V_read | {1 }
	Port: relu<ap_fixed,ap_ufixed<128,16,5,3,0>,relu_config19> : data_3_V_read | {1 }
	Port: relu<ap_fixed,ap_ufixed<128,16,5,3,0>,relu_config19> : data_4_V_read | {1 }
	Port: relu<ap_fixed,ap_ufixed<128,16,5,3,0>,relu_config19> : data_5_V_read | {1 }
	Port: relu<ap_fixed,ap_ufixed<128,16,5,3,0>,relu_config19> : data_6_V_read | {1 }
	Port: relu<ap_fixed,ap_ufixed<128,16,5,3,0>,relu_config19> : data_7_V_read | {1 }
	Port: relu<ap_fixed,ap_ufixed<128,16,5,3,0>,relu_config19> : data_8_V_read | {1 }
	Port: relu<ap_fixed,ap_ufixed<128,16,5,3,0>,relu_config19> : data_9_V_read | {1 }
	Port: relu<ap_fixed,ap_ufixed<128,16,5,3,0>,relu_config19> : data_10_V_read | {1 }
	Port: relu<ap_fixed,ap_ufixed<128,16,5,3,0>,relu_config19> : data_11_V_read | {1 }
  - Chain level:
	State 1
		select_ln71 : 1
		zext_ln71 : 2
		select_ln71_11 : 1
		zext_ln71_11 : 2
		select_ln71_12 : 1
		zext_ln71_12 : 2
		select_ln71_13 : 1
		zext_ln71_13 : 2
		select_ln71_14 : 1
		zext_ln71_14 : 2
		select_ln71_15 : 1
		zext_ln71_15 : 2
		select_ln71_16 : 1
		zext_ln71_16 : 2
		select_ln71_17 : 1
		zext_ln71_17 : 2
		select_ln71_18 : 1
		zext_ln71_18 : 2
		select_ln71_19 : 1
		zext_ln71_19 : 2
		select_ln71_20 : 1
		zext_ln71_20 : 2
		select_ln71_21 : 1
		zext_ln71_21 : 2
		mrv : 3
		mrv_1 : 4
		mrv_2 : 5
		mrv_3 : 6
		mrv_4 : 7
		mrv_5 : 8
		mrv_6 : 9
		mrv_7 : 10
		mrv_8 : 11
		mrv_9 : 12
		mrv_s : 13
		mrv_10 : 14
		ret_ln74 : 15


============================================================
+ Verbose Summary: Datapath Resource usage 
============================================================

* Functional unit list:
|----------|-----------------------------|---------|---------|
| Operation|       Functional Unit       |    FF   |   LUT   |
|----------|-----------------------------|---------|---------|
|          |      select_ln71_fu_124     |    0    |   122   |
|          |    select_ln71_11_fu_146    |    0    |   122   |
|          |    select_ln71_12_fu_168    |    0    |   122   |
|          |    select_ln71_13_fu_190    |    0    |   122   |
|          |    select_ln71_14_fu_212    |    0    |   122   |
|  select  |    select_ln71_15_fu_234    |    0    |   122   |
|          |    select_ln71_16_fu_256    |    0    |   122   |
|          |    select_ln71_17_fu_278    |    0    |   122   |
|          |    select_ln71_18_fu_300    |    0    |   122   |
|          |    select_ln71_19_fu_322    |    0    |   122   |
|          |    select_ln71_20_fu_344    |    0    |   122   |
|          |    select_ln71_21_fu_366    |    0    |   122   |
|----------|-----------------------------|---------|---------|
|          |      icmp_ln1494_fu_114     |    0    |    50   |
|          |     icmp_ln1494_1_fu_136    |    0    |    50   |
|          |     icmp_ln1494_2_fu_158    |    0    |    50   |
|          |     icmp_ln1494_3_fu_180    |    0    |    50   |
|          |     icmp_ln1494_4_fu_202    |    0    |    50   |
|   icmp   |     icmp_ln1494_5_fu_224    |    0    |    50   |
|          |     icmp_ln1494_6_fu_246    |    0    |    50   |
|          |     icmp_ln1494_7_fu_268    |    0    |    50   |
|          |     icmp_ln1494_8_fu_290    |    0    |    50   |
|          |     icmp_ln1494_9_fu_312    |    0    |    50   |
|          |    icmp_ln1494_10_fu_334    |    0    |    50   |
|          |    icmp_ln1494_11_fu_356    |    0    |    50   |
|----------|-----------------------------|---------|---------|
|          | data_11_V_read_1_read_fu_42 |    0    |    0    |
|          | data_10_V_read_1_read_fu_48 |    0    |    0    |
|          |  data_9_V_read_1_read_fu_54 |    0    |    0    |
|          |  data_8_V_read_1_read_fu_60 |    0    |    0    |
|          |  data_7_V_read_2_read_fu_66 |    0    |    0    |
|   read   |  data_6_V_read_2_read_fu_72 |    0    |    0    |
|          |  data_5_V_read_2_read_fu_78 |    0    |    0    |
|          |  data_4_V_read_2_read_fu_84 |    0    |    0    |
|          |  data_3_V_read_3_read_fu_90 |    0    |    0    |
|          |  data_2_V_read_3_read_fu_96 |    0    |    0    |
|          | data_1_V_read_3_read_fu_102 |    0    |    0    |
|          | data_0_V_read_3_read_fu_108 |    0    |    0    |
|----------|-----------------------------|---------|---------|
|          |      trunc_ln71_fu_120      |    0    |    0    |
|          |     trunc_ln71_11_fu_142    |    0    |    0    |
|          |     trunc_ln71_12_fu_164    |    0    |    0    |
|          |     trunc_ln71_13_fu_186    |    0    |    0    |
|          |     trunc_ln71_14_fu_208    |    0    |    0    |
|   trunc  |     trunc_ln71_15_fu_230    |    0    |    0    |
|          |     trunc_ln71_16_fu_252    |    0    |    0    |
|          |     trunc_ln71_17_fu_274    |    0    |    0    |
|          |     trunc_ln71_18_fu_296    |    0    |    0    |
|          |     trunc_ln71_19_fu_318    |    0    |    0    |
|          |     trunc_ln71_20_fu_340    |    0    |    0    |
|          |     trunc_ln71_21_fu_362    |    0    |    0    |
|----------|-----------------------------|---------|---------|
|          |       zext_ln71_fu_132      |    0    |    0    |
|          |     zext_ln71_11_fu_154     |    0    |    0    |
|          |     zext_ln71_12_fu_176     |    0    |    0    |
|          |     zext_ln71_13_fu_198     |    0    |    0    |
|          |     zext_ln71_14_fu_220     |    0    |    0    |
|   zext   |     zext_ln71_15_fu_242     |    0    |    0    |
|          |     zext_ln71_16_fu_264     |    0    |    0    |
|          |     zext_ln71_17_fu_286     |    0    |    0    |
|          |     zext_ln71_18_fu_308     |    0    |    0    |
|          |     zext_ln71_19_fu_330     |    0    |    0    |
|          |     zext_ln71_20_fu_352     |    0    |    0    |
|          |     zext_ln71_21_fu_374     |    0    |    0    |
|----------|-----------------------------|---------|---------|
|          |          mrv_fu_378         |    0    |    0    |
|          |         mrv_1_fu_384        |    0    |    0    |
|          |         mrv_2_fu_390        |    0    |    0    |
|          |         mrv_3_fu_396        |    0    |    0    |
|          |         mrv_4_fu_402        |    0    |    0    |
|insertvalue|         mrv_5_fu_408        |    0    |    0    |
|          |         mrv_6_fu_414        |    0    |    0    |
|          |         mrv_7_fu_420        |    0    |    0    |
|          |         mrv_8_fu_426        |    0    |    0    |
|          |         mrv_9_fu_432        |    0    |    0    |
|          |         mrv_s_fu_438        |    0    |    0    |
|          |        mrv_10_fu_444        |    0    |    0    |
|----------|-----------------------------|---------|---------|
|   Total  |                             |    0    |   2064  |
|----------|-----------------------------|---------|---------|

Memories:
N/A

* Register list:
N/A

* Multiplexer (MUX) list: 
|--------|------|------|------|--------|
|  Comp  |  Pin | Size |  BW  | S x BW |
|--------|------|------|------|--------|
|  Total |      |      |      |    0   |
|--------|------|------|------|--------|



* Summary:
+-----------+--------+--------+
|           |   FF   |   LUT  |
+-----------+--------+--------+
|  Function |    0   |  2064  |
|   Memory  |    -   |    -   |
|Multiplexer|    -   |    -   |
|  Register |    -   |    -   |
+-----------+--------+--------+
|   Total   |    0   |  2064  |
+-----------+--------+--------+
